C51 COMPILER V9.60.0.0   COMMON                                                            12/28/2020 20:25:08 PAGE 1   


C51 COMPILER V9.60.0.0, COMPILATION OF MODULE COMMON
OBJECT MODULE PLACED IN .\common.obj
COMPILER INVOKED BY: C:\Keil_v5\C51\BIN\C51.EXE ..\src\common.c LARGE OPTIMIZE(8,SPEED) BROWSE DEBUG OBJECTEXTEND PRINT(
                    -.\lst\common.lst) TABS(2) OBJECT(.\common.obj)

line level    source

   1          #include "bk2461.h"
   2          
   3          void Delay_ms(int ms)
   4          {
   5   1          int i, j;
   6   1      
   7   1          for(i=0; i<ms; i++)
   8   1              for(j=0; j<1400; j++);
   9   1      }
  10          
  11          void WaitUs(uint32 us)  
  12          {
  13   1        uint16 i;
  14   1        while (us)
  15   1        {
  16   2          for (i = 0; i < 1; ++i);
  17   2          us--;
  18   2        }
  19   1      }
  20          


MODULE INFORMATION:   STATIC OVERLAYABLE
   CODE SIZE        =    111    ----
   CONSTANT SIZE    =   ----    ----
   XDATA SIZE       =   ----       4
   PDATA SIZE       =   ----    ----
   DATA SIZE        =   ----    ----
   IDATA SIZE       =   ----    ----
   BIT SIZE         =   ----    ----
END OF MODULE INFORMATION.


C51 COMPILATION COMPLETE.  0 WARNING(S),  0 ERROR(S)
