BL51 BANKED LINKER/LOCATER V6.22.2.0                                                    12/30/2020  12:14:31  PAGE 1


BL51 BANKED LINKER/LOCATER V6.22.2.0, INVOKED BY:
C:\KEIL_V5\C51\BIN\BL51.EXE .\driver_uart.obj, .\main.obj, .\STARTUP.obj, .\patches.obj, .\driver_rf.obj, .\common.obj, 
>> .\timer.obj, ..\src\BLE_boardcast_V01.LIB TO ddk_fram PRINT (.\lst\ddk_fram.m51) IXREF CODE (0X0000-0X0031, 0X0037-0X
>> 2035)


MEMORY MODEL: LARGE


INPUT MODULES INCLUDED:
  .\driver_uart.obj (DRIVER_UART)
  .\main.obj (MAIN)
  .\STARTUP.obj (?C_STARTUP)
  .\patches.obj (PATCHES)
  .\driver_rf.obj (DRIVER_RF)
  .\common.obj (COMMON)
  .\timer.obj (TIMER)
  ..\src\BLE_boardcast_V01.LIB (BLE_BOARDCAST)
  C:\KEIL_V5\C51\LIB\C51L.LIB (?C_INIT)
  C:\KEIL_V5\C51\LIB\C51L.LIB (?C?COPY)
  C:\KEIL_V5\C51\LIB\C51L.LIB (?C?CLDPTR)
  C:\KEIL_V5\C51\LIB\C51L.LIB (?C?CLDOPTR)
  C:\KEIL_V5\C51\LIB\C51L.LIB (?C?CSTPTR)
  C:\KEIL_V5\C51\LIB\C51L.LIB (?C?CSTOPTR)
  C:\KEIL_V5\C51\LIB\C51L.LIB (?C?IILDX)
  C:\KEIL_V5\C51\LIB\C51L.LIB (?C?ILDIX)
  C:\KEIL_V5\C51\LIB\C51L.LIB (?C?ULDIV)
  C:\KEIL_V5\C51\LIB\C51L.LIB (?C?SLDIV)
  C:\KEIL_V5\C51\LIB\C51L.LIB (?C?ULCMP)
  C:\KEIL_V5\C51\LIB\C51L.LIB (?C?ULSHR)
  C:\KEIL_V5\C51\LIB\C51L.LIB (?C?LLDCODE)
  C:\KEIL_V5\C51\LIB\C51L.LIB (?C?LSTXDATA)
  C:\KEIL_V5\C51\LIB\C51L.LIB (?C?LSTKXDATA)
  C:\KEIL_V5\C51\LIB\C51L.LIB (?C?ICALL)
  C:\KEIL_V5\C51\LIB\C51L.LIB (STRLEN)
  C:\KEIL_V5\C51\LIB\C51L.LIB (?C?MEMSET)


LINK MAP OF MODULE:  ddk_fram (DRIVER_UART)


            TYPE    BASE      LENGTH    RELOCATION   SEGMENT NAME
            -----------------------------------------------------

            * * * * * * *   D A T A   M E M O R Y   * * * * * * *
            REG     0000H     0008H     ABSOLUTE     "REG BANK 0"
            DATA    0008H     0003H     UNIT         ?DT?TIMER
            DATA    000BH     0001H     UNIT         ?DT?PATCHES
                    000CH     0014H                  *** GAP ***
            BIT     0020H.0   0000H.4   UNIT         ?BI?MAIN
            BIT     0020H.4   0000H.3   UNIT         ?BI?PATCHES
            BIT     0020H.7   0000H.1   UNIT         ?BI?TIMER
            IDATA   0021H     0001H     UNIT         ?STACK

            * * * * * * *  X D A T A   M E M O R Y  * * * * * * *
            XDATA   0000H     00D6H     UNIT         ?XD?MAIN
            XDATA   00D6H     003BH     UNIT         ?XD?DRIVER_RF
            XDATA   0111H     0022H     UNIT         ?XD?DRIVER_UART
BL51 BANKED LINKER/LOCATER V6.22.2.0                                                  12/30/2020  12:14:31  PAGE 2


            XDATA   0133H     0018H     UNIT         ?XD?PATCHES
            XDATA   014BH     0011H     UNIT         _XDATA_GROUP_
            XDATA   015CH     000CH     UNIT         ?XD?BLE_BOARDCAST
            XDATA   0168H     0007H     UNIT         ?XD?TIMER

            * * * * * * *   C O D E   M E M O R Y   * * * * * * *
            CODE    0000H     0003H     ABSOLUTE     
            CODE    0003H     0008H     UNIT         ?PR?CLOSE_UART?DRIVER_UART
            CODE    000BH     0003H     ABSOLUTE     
            CODE    000EH     000AH     UNIT         ?PR?MCU_CLK_INITAL?MAIN
            CODE    0018H     0001H     UNIT         ?PR?FUNCLED_INIT?MAIN
            CODE    0019H     0001H     UNIT         ?PR?OPEN_FUNCLED?MAIN
            CODE    001AH     0001H     UNIT         ?PR?CLOSE_FUNCLED?MAIN
            CODE    001BH     0003H     ABSOLUTE     
                    001EH     0005H                  *** GAP ***
            CODE    0023H     0003H     ABSOLUTE     
            CODE    0026H     0009H     UNIT         ?PR?SHORTKEY_E?MAIN
                    002FH     0008H                  *** GAP ***
            CODE    0037H     0023H     UNIT         ?PR?_DRIVER_UART_SEND_START?DRIVER_UART
                    005AH     0001H                  *** GAP ***
            CODE    005BH     0003H     ABSOLUTE     
            CODE    005EH     030DH     UNIT         ?C?LIB_CODE
            CODE    036BH     01F1H     UNIT         ?PR?SYS_SET_1MHZ_RATE?BLE_BOARDCAST
            CODE    055CH     0190H     UNIT         ?PR?RF_KMOD_1MHZ_CALIBRATION?BLE_BOARDCAST
            CODE    06ECH     016EH     UNIT         ?CO?MAIN
            CODE    085AH     0146H     UNIT         ?PR?_BLE_CRC?BLE_BOARDCAST
            CODE    09A0H     0122H     UNIT         ?PR?_BLEPACKETENCODE?BLE_BOARDCAST
            CODE    0AC2H     00E4H     UNIT         ?PR?TX_CMD_USE_BLE_MODE?MAIN
            CODE    0BA6H     00DAH     UNIT         ?C_INITSEG
            CODE    0C80H     00D1H     UNIT         ?PR?UART_ISR?TIMER
            CODE    0D51H     00C9H     UNIT         ?PR?KEY_SCAN?MAIN
            CODE    0E1AH     00ADH     UNIT         ?PR?KEY24_DETECT_GPIO?MAIN
            CODE    0EC7H     00A0H     UNIT         ?PR?POWER_ON_INIT?MAIN
            CODE    0F67H     008DH     UNIT         ?PR?BLE_PACKET_ENCODE?MAIN
            CODE    0FF4H     008CH     UNIT         ?C_C51STARTUP
            CODE    1080H     0087H     UNIT         ?PR?_BLEPACKETDEDUCTIVE?BLE_BOARDCAST
            CODE    1107H     0081H     UNIT         ?PR?_WRITE_REG_ANA?DRIVER_RF
            CODE    1188H     006DH     UNIT         ?PR?ET1_ISR?TIMER
            CODE    11F5H     0065H     UNIT         ?PR?SYS_POWERDOWN?MAIN
            CODE    125AH     0060H     UNIT         ?PR?_BLE_WHITEN?BLE_BOARDCAST
            CODE    12BAH     0058H     UNIT         ?PR?MAIN?MAIN
            CODE    1312H     0054H     UNIT         ?PR?SYS_POWERON?MAIN
            CODE    1366H     004FH     UNIT         ?PR?_UPDATE_STR?DRIVER_UART
            CODE    13B5H     004FH     UNIT         ?PR?_LOGVALUE?DRIVER_UART
            CODE    1404H     004BH     UNIT         ?PR?_MEMCOPY?BLE_BOARDCAST
            CODE    144FH     0049H     UNIT         ?PR?_WAITUS?COMMON
            CODE    1498H     0044H     UNIT         ?PR?_LOGINFO?DRIVER_UART
            CODE    14DCH     0044H     UNIT         ?C?LDIV
            CODE    1520H     003CH     UNIT         ?PR?_UARTCONFIG?DRIVER_UART
            CODE    155CH     0038H     UNIT         ?PR?KEYP2_SCAN_FUNC?MAIN
            CODE    1594H     0038H     UNIT         ?PR?_W_TX_PAYLOAD_NOACK?DRIVER_RF
            CODE    15CCH     0037H     UNIT         ?CO?BLE_BOARDCAST
            CODE    1603H     0036H     UNIT         ?PR?MCU_IO_SLEEP?MAIN
            CODE    1639H     0034H     UNIT         ?PR?_KEY_SCAN_FUNC?MAIN
            CODE    166DH     0032H     UNIT         ?PR?SET_MACADDR?MAIN
            CODE    169FH     002FH     UNIT         ?PR?RF_ISR?DRIVER_RF
            CODE    16CEH     002DH     UNIT         ?PR?SYS_SLEEPMODECHECK?MAIN
BL51 BANKED LINKER/LOCATER V6.22.2.0                                                  12/30/2020  12:14:31  PAGE 3


            CODE    16FBH     0029H     UNIT         ?PR?_LONGKEY_INDENTIFY?MAIN
            CODE    1724H     0027H     UNIT         ?PR?SET_COMMON_COM_DATA?MAIN
            CODE    174BH     0026H     UNIT         ?PR?_DELAY_MS?COMMON
            CODE    1771H     0025H     UNIT         ?PR?TIMER0_INT?TIMER
            CODE    1796H     0023H     UNIT         ?PR?SWITCHTOTXMODE?DRIVER_RF
            CODE    17B9H     0022H     UNIT         ?PR?CALC_CRC_VALUE?MAIN
            CODE    17DBH     0022H     UNIT         ?PR?_SWAPBITS_8BIT?BLE_BOARDCAST
            CODE    17FDH     0020H     UNIT         ?PR?SET_COMMON_TX_DATA?MAIN
            CODE    181DH     001EH     UNIT         ?PR?SHORTKEY_POWEROFF?MAIN
            CODE    183BH     001EH     UNIT         ?PR?LONGKEY_POWEROFF?MAIN
            CODE    1859H     001DH     UNIT         ?PR?SHORTKEY_POWERON?MAIN
            CODE    1876H     001CH     UNIT         ?PR?SWITCHTOTXMODE_WAIT1MS?DRIVER_RF
            CODE    1892H     001AH     UNIT         ?PR?INITSYSTIMER?TIMER
            CODE    18ACH     0019H     UNIT         ?PR?GET_MACADDR?MAIN
            CODE    18C5H     0018H     UNIT         ?PR?GPIO_INIT?MAIN
            CODE    18DDH     0015H     UNIT         ?PR?_STRLEN?STRLEN
            CODE    18F2H     000FH     UNIT         ?PR?_RF_TXNOACK?DRIVER_RF
            CODE    1901H     0009H     UNIT         ?PR?SHORTKEY_S_SUB?MAIN
            CODE    190AH     0009H     UNIT         ?PR?SHORTKEY_S_ADD?MAIN
            CODE    1913H     0009H     UNIT         ?PR?SHORTKEY_WHITE?MAIN
            CODE    191CH     0009H     UNIT         ?PR?SHORTKEY_RED?MAIN
            CODE    1925H     0009H     UNIT         ?PR?SHORTKEY_B_ADD?MAIN
            CODE    192EH     0009H     UNIT         ?PR?SHORTKEY_YELLOW?MAIN
            CODE    1937H     0009H     UNIT         ?PR?SHORTKEY_GREEN?MAIN
            CODE    1940H     0009H     UNIT         ?PR?SHORTKEY_SCALE?MAIN
            CODE    1949H     0009H     UNIT         ?PR?SHORTKEY_COLOR?MAIN
            CODE    1952H     0009H     UNIT         ?PR?SHORTKEY_BLUE?MAIN
            CODE    195BH     0009H     UNIT         ?PR?SHORTKEY_B_SUB?MAIN
            CODE    1964H     0009H     UNIT         ?PR?SHORTKEY_M1?MAIN
            CODE    196DH     0009H     UNIT         ?PR?SHORTKEY_M2?MAIN
            CODE    1976H     0009H     UNIT         ?PR?SHORTKEY_M3?MAIN
            CODE    197FH     0009H     UNIT         ?PR?SHORTKEY_M4?MAIN
            CODE    1988H     0009H     UNIT         ?PR?SHORTKEY_M5?MAIN
            CODE    1991H     0009H     UNIT         ?PR?SHORTKEY_M6?MAIN
            CODE    199AH     0009H     UNIT         ?PR?SHORTKEY_M7?MAIN
            CODE    19A3H     0009H     UNIT         ?PR?SHORTKEY_M8?MAIN
            CODE    19ACH     0009H     UNIT         ?PR?SHORTKEY_M9?MAIN
            CODE    19B5H     0009H     UNIT         ?PR?LONGKEY_POWERON?MAIN
            CODE    19BEH     0009H     UNIT         ?PR?LONGKEY_E?MAIN
            CODE    19C7H     0009H     UNIT         ?PR?LONGKEY_COLOR?MAIN
            CODE    19D0H     0008H     UNIT         ?PR?POWERUP_RF?DRIVER_RF
            CODE    19D8H     0008H     UNIT         ?PR?POWERDOWN_RF?DRIVER_RF



OVERLAY MAP OF MODULE:   ddk_fram (DRIVER_UART)


SEGMENT                                            XDATA_GROUP
  +--> CALLED SEGMENT                            START    LENGTH
----------------------------------------------------------------
?C_C51STARTUP                                    -----    -----
  +--> ?PR?MAIN?MAIN
  +--> ?C_INITSEG

?PR?MAIN?MAIN                                    -----    -----
  +--> ?PR?MCU_CLK_INITAL?MAIN
BL51 BANKED LINKER/LOCATER V6.22.2.0                                                  12/30/2020  12:14:31  PAGE 4


  +--> ?PR?GPIO_INIT?MAIN
  +--> ?PR?_WAITUS?COMMON
  +--> ?PR?POWER_ON_INIT?MAIN
  +--> ?PR?KEY_SCAN?MAIN
  +--> ?PR?SYS_SLEEPMODECHECK?MAIN
  +--> ?PR?TX_CMD_USE_BLE_MODE?MAIN
  +--> ?PR?BLE_PACKET_ENCODE?MAIN
  +--> ?PR?SYS_POWERDOWN?MAIN
  +--> ?PR?SYS_POWERON?MAIN

?PR?_WAITUS?COMMON                               0150H    0004H

?PR?POWER_ON_INIT?MAIN                           014BH    0001H
  +--> ?PR?INITSYSTIMER?TIMER
  +--> ?PR?SYS_SET_1MHZ_RATE?BLE_BOARDCAST
  +--> ?PR?_UARTCONFIG?DRIVER_UART
  +--> ?PR?_WAITUS?COMMON
  +--> ?PR?_BLEPACKETDEDUCTIVE?BLE_BOARDCAST
  +--> ?PR?_DRIVER_UART_SEND_START?DRIVER_UART
  +--> ?PR?_DELAY_MS?COMMON
  +--> ?PR?FUNCLED_INIT?MAIN
  +--> ?PR?GET_MACADDR?MAIN
  +--> ?PR?SET_COMMON_COM_DATA?MAIN

?PR?SYS_SET_1MHZ_RATE?BLE_BOARDCAST              014CH    0001H
  +--> ?CO?BLE_BOARDCAST
  +--> ?PR?_WRITE_REG_ANA?DRIVER_RF
  +--> ?PR?RF_KMOD_1MHZ_CALIBRATION?BLE_BOAR...
  +--> ?PR?SWITCHTOTXMODE?DRIVER_RF

?PR?_WRITE_REG_ANA?DRIVER_RF                     0153H    0005H

?PR?RF_KMOD_1MHZ_CALIBRATION?BLE_BOAR...         014DH    0006H
  +--> ?PR?SWITCHTOTXMODE?DRIVER_RF
  +--> ?PR?_WRITE_REG_ANA?DRIVER_RF
  +--> ?PR?_DELAY_MS?COMMON

?PR?SWITCHTOTXMODE?DRIVER_RF                     -----    -----
  +--> ?PR?POWERUP_RF?DRIVER_RF
  +--> ?PR?_DELAY_MS?COMMON

?PR?_BLEPACKETDEDUCTIVE?BLE_BOARDCAST            014CH    0008H
  +--> ?PR?_MEMCOPY?BLE_BOARDCAST
  +--> ?PR?_SWAPBITS_8BIT?BLE_BOARDCAST
  +--> ?PR?_BLE_WHITEN?BLE_BOARDCAST

?PR?_MEMCOPY?BLE_BOARDCAST                       0154H    0007H

?PR?_BLE_WHITEN?BLE_BOARDCAST                    0154H    0005H

?PR?SET_COMMON_COM_DATA?MAIN                     -----    -----
  +--> ?PR?SET_MACADDR?MAIN

?PR?KEY_SCAN?MAIN                                014BH    0001H
  +--> ?PR?KEY24_DETECT_GPIO?MAIN
  +--> ?CO?MAIN
  +--> ?PR?_LOGINFO?DRIVER_UART
BL51 BANKED LINKER/LOCATER V6.22.2.0                                                  12/30/2020  12:14:31  PAGE 5


  +--> ?PR?_LONGKEY_INDENTIFY?MAIN

?PR?KEY24_DETECT_GPIO?MAIN                       014CH    0001H
  +--> ?PR?KEYP2_SCAN_FUNC?MAIN
  +--> ?PR?_KEY_SCAN_FUNC?MAIN
  +--> ?PR?_LOGVALUE?DRIVER_UART

?PR?_LOGVALUE?DRIVER_UART                        014DH    0003H
  +--> ?PR?_DRIVER_UART_SEND_START?DRIVER_UART
  +--> ?PR?_WAITUS?COMMON

?CO?MAIN                                         -----    -----
  +--> ?PR?SHORTKEY_M3?MAIN
  +--> ?PR?SHORTKEY_YELLOW?MAIN
  +--> ?PR?SHORTKEY_M8?MAIN
  +--> ?PR?SHORTKEY_M1?MAIN
  +--> ?PR?SHORTKEY_B_SUB?MAIN
  +--> ?PR?SHORTKEY_S_ADD?MAIN
  +--> ?PR?SHORTKEY_M6?MAIN
  +--> ?PR?SHORTKEY_POWERON?MAIN
  +--> ?PR?SHORTKEY_SCALE?MAIN
  +--> ?PR?SHORTKEY_RED?MAIN
  +--> ?PR?SHORTKEY_M5?MAIN
  +--> ?PR?SHORTKEY_GREEN?MAIN
  +--> ?PR?SHORTKEY_WHITE?MAIN
  +--> ?PR?SHORTKEY_M7?MAIN
  +--> ?PR?SHORTKEY_M9?MAIN
  +--> ?PR?SHORTKEY_COLOR?MAIN
  +--> ?PR?SHORTKEY_S_SUB?MAIN
  +--> ?PR?SHORTKEY_M2?MAIN
  +--> ?PR?SHORTKEY_E?MAIN
  +--> ?PR?SHORTKEY_BLUE?MAIN
  +--> ?PR?SHORTKEY_B_ADD?MAIN
  +--> ?PR?SHORTKEY_M4?MAIN
  +--> ?PR?SHORTKEY_POWEROFF?MAIN
  +--> ?PR?LONGKEY_POWERON?MAIN
  +--> ?PR?LONGKEY_POWEROFF?MAIN
  +--> ?PR?LONGKEY_E?MAIN
  +--> ?PR?LONGKEY_COLOR?MAIN

?PR?SHORTKEY_M3?MAIN                             -----    -----
  +--> ?PR?_LOGINFO?DRIVER_UART

?PR?_LOGINFO?DRIVER_UART                         014CH    0003H
  +--> ?PR?_UPDATE_STR?DRIVER_UART
  +--> ?PR?_STRLEN?STRLEN
  +--> ?PR?_DRIVER_UART_SEND_START?DRIVER_UART
  +--> ?PR?_WAITUS?COMMON

?PR?_UPDATE_STR?DRIVER_UART                      014FH    0004H
  +--> ?PR?_STRLEN?STRLEN

?PR?SHORTKEY_YELLOW?MAIN                         -----    -----
  +--> ?PR?_LOGINFO?DRIVER_UART

?PR?SHORTKEY_M8?MAIN                             -----    -----
  +--> ?PR?_LOGINFO?DRIVER_UART
BL51 BANKED LINKER/LOCATER V6.22.2.0                                                  12/30/2020  12:14:31  PAGE 6



?PR?SHORTKEY_M1?MAIN                             -----    -----
  +--> ?PR?_LOGINFO?DRIVER_UART

?PR?SHORTKEY_B_SUB?MAIN                          -----    -----
  +--> ?PR?_LOGINFO?DRIVER_UART

?PR?SHORTKEY_S_ADD?MAIN                          -----    -----
  +--> ?PR?_LOGINFO?DRIVER_UART

?PR?SHORTKEY_M6?MAIN                             -----    -----
  +--> ?PR?_LOGINFO?DRIVER_UART

?PR?SHORTKEY_POWERON?MAIN                        -----    -----
  +--> ?PR?_LOGINFO?DRIVER_UART

?PR?SHORTKEY_SCALE?MAIN                          -----    -----
  +--> ?PR?_LOGINFO?DRIVER_UART

?PR?SHORTKEY_RED?MAIN                            -----    -----
  +--> ?PR?_LOGINFO?DRIVER_UART

?PR?SHORTKEY_M5?MAIN                             -----    -----
  +--> ?PR?_LOGINFO?DRIVER_UART

?PR?SHORTKEY_GREEN?MAIN                          -----    -----
  +--> ?PR?_LOGINFO?DRIVER_UART

?PR?SHORTKEY_WHITE?MAIN                          -----    -----
  +--> ?PR?_LOGINFO?DRIVER_UART

?PR?SHORTKEY_M7?MAIN                             -----    -----
  +--> ?PR?_LOGINFO?DRIVER_UART

?PR?SHORTKEY_M9?MAIN                             -----    -----
  +--> ?PR?_LOGINFO?DRIVER_UART

?PR?SHORTKEY_COLOR?MAIN                          -----    -----
  +--> ?PR?_LOGINFO?DRIVER_UART

?PR?SHORTKEY_S_SUB?MAIN                          -----    -----
  +--> ?PR?_LOGINFO?DRIVER_UART

?PR?SHORTKEY_M2?MAIN                             -----    -----
  +--> ?PR?_LOGINFO?DRIVER_UART

?PR?SHORTKEY_E?MAIN                              -----    -----
  +--> ?PR?_LOGINFO?DRIVER_UART

?PR?SHORTKEY_BLUE?MAIN                           -----    -----
  +--> ?PR?_LOGINFO?DRIVER_UART

?PR?SHORTKEY_B_ADD?MAIN                          -----    -----
  +--> ?PR?_LOGINFO?DRIVER_UART

?PR?SHORTKEY_M4?MAIN                             -----    -----
  +--> ?PR?_LOGINFO?DRIVER_UART
BL51 BANKED LINKER/LOCATER V6.22.2.0                                                  12/30/2020  12:14:31  PAGE 7



?PR?SHORTKEY_POWEROFF?MAIN                       -----    -----
  +--> ?PR?_LOGINFO?DRIVER_UART

?PR?LONGKEY_POWERON?MAIN                         -----    -----
  +--> ?PR?_LOGINFO?DRIVER_UART

?PR?LONGKEY_POWEROFF?MAIN                        -----    -----
  +--> ?PR?_LOGINFO?DRIVER_UART

?PR?LONGKEY_E?MAIN                               -----    -----
  +--> ?PR?_LOGINFO?DRIVER_UART

?PR?LONGKEY_COLOR?MAIN                           -----    -----
  +--> ?PR?_LOGINFO?DRIVER_UART

?PR?TX_CMD_USE_BLE_MODE?MAIN                     -----    -----
  +--> ?PR?_RF_TXNOACK?DRIVER_RF

?PR?_RF_TXNOACK?DRIVER_RF                        -----    -----
  +--> ?PR?SWITCHTOTXMODE_WAIT1MS?DRIVER_RF
  +--> ?PR?_W_TX_PAYLOAD_NOACK?DRIVER_RF

?PR?SWITCHTOTXMODE_WAIT1MS?DRIVER_RF             -----    -----
  +--> ?PR?POWERUP_RF?DRIVER_RF

?PR?_W_TX_PAYLOAD_NOACK?DRIVER_RF                014BH    0003H

?PR?BLE_PACKET_ENCODE?MAIN                       -----    -----
  +--> ?PR?_BLEPACKETENCODE?BLE_BOARDCAST

?PR?_BLEPACKETENCODE?BLE_BOARDCAST               014BH    0009H
  +--> ?PR?_MEMCOPY?BLE_BOARDCAST
  +--> ?PR?_BLE_CRC?BLE_BOARDCAST
  +--> ?PR?_SWAPBITS_8BIT?BLE_BOARDCAST
  +--> ?PR?_BLE_WHITEN?BLE_BOARDCAST

?PR?_BLE_CRC?BLE_BOARDCAST                       0154H    0008H

?PR?SYS_POWERDOWN?MAIN                           -----    -----
  +--> ?PR?CLOSE_UART?DRIVER_UART
  +--> ?PR?CLOSE_FUNCLED?MAIN
  +--> ?PR?POWERDOWN_RF?DRIVER_RF
  +--> ?PR?MCU_IO_SLEEP?MAIN
  +--> ?PR?_WAITUS?COMMON

?PR?MCU_IO_SLEEP?MAIN                            -----    -----
  +--> ?PR?_DELAY_MS?COMMON

?PR?SYS_POWERON?MAIN                             -----    -----
  +--> ?PR?GPIO_INIT?MAIN
  +--> ?PR?_WAITUS?COMMON
  +--> ?PR?POWERUP_RF?DRIVER_RF
  +--> ?PR?_UARTCONFIG?DRIVER_UART
  +--> ?PR?INITSYSTIMER?TIMER
  +--> ?PR?FUNCLED_INIT?MAIN

BL51 BANKED LINKER/LOCATER V6.22.2.0                                                  12/30/2020  12:14:31  PAGE 8




SYMBOL TABLE OF MODULE:  ddk_fram (DRIVER_UART)

  VALUE           TYPE          NAME
  ----------------------------------

  -------         MODULE        DRIVER_UART
  C:0000H         SYMBOL        _ICE_DUMMY_
  D:0085H         PUBLIC        CLK_EN_CFG
  D:0080H         PUBLIC        P0
  D:0090H         PUBLIC        P1
  D:00A0H         PUBLIC        P2
  D:00B0H         PUBLIC        P3
  X:0111H         PUBLIC        S_CMD
  D:00A8H         PUBLIC        IE
  D:00CBH         PUBLIC        RCAP2H
  D:00CAH         PUBLIC        RCAP2L
  D:0088H         PUBLIC        TCON
  C:1366H         PUBLIC        _update_str
  B:00A8H.4       PUBLIC        ES0
  C:0037H         PUBLIC        _driver_uart_send_start
  D:00CDH         PUBLIC        TH2
  D:00E8H         PUBLIC        AIE
  D:00C0H         PUBLIC        AIF
  X:0131H         PUBLIC        B_CmdOK
  D:00CCH         PUBLIC        TL2
  B:00C8H.2       PUBLIC        TR2
  D:0099H         PUBLIC        SBUF0
  D:00F7H         PUBLIC        PALT1
  D:0086H         PUBLIC        PCON2
  C:13B5H         PUBLIC        _logvalue
  X:0132H         PUBLIC        N_CmdLen
  D:0098H         PUBLIC        SCON0
  D:00C8H         PUBLIC        T2CON
  C:1498H         PUBLIC        _loginfo
  C:0003H         PUBLIC        Close_Uart
  C:1520H         PUBLIC        _UartConfig
  D:00D0H         PUBLIC        PSW
  -------         PROC          _UARTCONFIG
  D:0006H         SYMBOL        baud
  -------         DO            
  D:0004H         SYMBOL        tmp
  -------         ENDDO         
  C:1520H         LINE#         13
  C:1520H         LINE#         14
  C:1520H         LINE#         18
  C:1523H         LINE#         20
  C:152CH         LINE#         22
  C:152FH         LINE#         23
  C:1532H         LINE#         24
  C:1535H         LINE#         26
  C:154CH         LINE#         27
  C:154EH         LINE#         28
  C:1551H         LINE#         29
  C:1554H         LINE#         30
  C:1557H         LINE#         32
BL51 BANKED LINKER/LOCATER V6.22.2.0                                                  12/30/2020  12:14:31  PAGE 9


  C:1559H         LINE#         33
  C:155BH         LINE#         36
  -------         ENDPROC       _UARTCONFIG
  -------         PROC          CLOSE_UART
  C:0003H         LINE#         43
  C:0003H         LINE#         44
  C:0003H         LINE#         45
  C:0006H         LINE#         46
  C:0008H         LINE#         47
  C:000AH         LINE#         48
  -------         ENDPROC       CLOSE_UART
  -------         PROC          _UPDATE_STR
  X:014FH         SYMBOL        str
  -------         DO            
  X:0152H         SYMBOL        i
  D:0007H         SYMBOL        len
  -------         ENDDO         
  C:1366H         LINE#         50
  C:1371H         LINE#         51
  C:1374H         LINE#         52
  C:1377H         LINE#         53
  C:1383H         LINE#         55
  C:1389H         LINE#         56
  C:13ACH         LINE#         57
  C:13B2H         LINE#         58
  C:13B4H         LINE#         59
  -------         ENDPROC       _UPDATE_STR
  -------         PROC          _DRIVER_UART_SEND_START
  D:0007H         SYMBOL        len
  C:0037H         LINE#         61
  C:0037H         LINE#         62
  C:0037H         LINE#         63
  C:003CH         LINE#         64
  C:0043H         LINE#         65
  C:0043H         LINE#         66
  C:0048H         LINE#         67
  C:0059H         LINE#         68
  C:0059H         LINE#         69
  -------         ENDPROC       _DRIVER_UART_SEND_START
  -------         PROC          _LOGINFO
  X:014CH         SYMBOL        str
  C:1498H         LINE#         72
  C:14A3H         LINE#         74
  C:14B2H         LINE#         75
  C:14C0H         LINE#         76
  C:14D1H         LINE#         77
  -------         ENDPROC       _LOGINFO
  -------         PROC          _LOGVALUE
  X:014DH         SYMBOL        type
  X:014EH         SYMBOL        value1
  X:014FH         SYMBOL        value2
  C:13B5H         LINE#         81
  C:13C0H         LINE#         82
  C:13C2H         LINE#         83
  C:13D1H         LINE#         84
  C:13D7H         LINE#         85
  C:13DFH         LINE#         86
BL51 BANKED LINKER/LOCATER V6.22.2.0                                                  12/30/2020  12:14:31  PAGE 10


  C:13E7H         LINE#         87
  C:13EFH         LINE#         88
  C:13F3H         LINE#         89
  C:13F8H         LINE#         90
  C:1403H         LINE#         91
  C:1403H         LINE#         92
  -------         ENDPROC       _LOGVALUE
  -------         ENDMOD        DRIVER_UART

  -------         MODULE        MAIN
  C:0F67H         SEGMENT       ?PR?BLE_PACKET_ENCODE?MAIN
  C:0018H         SEGMENT       ?PR?FUNCLED_INIT?MAIN
  C:0019H         SEGMENT       ?PR?OPEN_FUNCLED?MAIN
  C:001AH         SEGMENT       ?PR?CLOSE_FUNCLED?MAIN
  C:1603H         SEGMENT       ?PR?MCU_IO_SLEEP?MAIN
  C:18C5H         SEGMENT       ?PR?GPIO_INIT?MAIN
  C:000EH         SEGMENT       ?PR?MCU_CLK_INITAL?MAIN
  C:16CEH         SEGMENT       ?PR?SYS_SLEEPMODECHECK?MAIN
  C:1312H         SEGMENT       ?PR?SYS_POWERON?MAIN
  C:11F5H         SEGMENT       ?PR?SYS_POWERDOWN?MAIN
  C:155CH         SEGMENT       ?PR?KEYP2_SCAN_FUNC?MAIN
  C:1639H         SEGMENT       ?PR?_KEY_SCAN_FUNC?MAIN
  C:0E1AH         SEGMENT       ?PR?KEY24_DETECT_GPIO?MAIN
  X:014CH         SEGMENT       ?XD?KEY24_DETECT_GPIO?MAIN
  C:17B9H         SEGMENT       ?PR?CALC_CRC_VALUE?MAIN
  C:1724H         SEGMENT       ?PR?SET_COMMON_COM_DATA?MAIN
  C:17FDH         SEGMENT       ?PR?SET_COMMON_TX_DATA?MAIN
  C:1859H         SEGMENT       ?PR?SHORTKEY_POWERON?MAIN
  C:181DH         SEGMENT       ?PR?SHORTKEY_POWEROFF?MAIN
  C:0026H         SEGMENT       ?PR?SHORTKEY_E?MAIN
  C:1901H         SEGMENT       ?PR?SHORTKEY_S_SUB?MAIN
  C:190AH         SEGMENT       ?PR?SHORTKEY_S_ADD?MAIN
  C:1913H         SEGMENT       ?PR?SHORTKEY_WHITE?MAIN
  C:191CH         SEGMENT       ?PR?SHORTKEY_RED?MAIN
  C:1925H         SEGMENT       ?PR?SHORTKEY_B_ADD?MAIN
  C:192EH         SEGMENT       ?PR?SHORTKEY_YELLOW?MAIN
  C:1937H         SEGMENT       ?PR?SHORTKEY_GREEN?MAIN
  C:1940H         SEGMENT       ?PR?SHORTKEY_SCALE?MAIN
  C:1949H         SEGMENT       ?PR?SHORTKEY_COLOR?MAIN
  C:1952H         SEGMENT       ?PR?SHORTKEY_BLUE?MAIN
  C:195BH         SEGMENT       ?PR?SHORTKEY_B_SUB?MAIN
  C:1964H         SEGMENT       ?PR?SHORTKEY_M1?MAIN
  C:196DH         SEGMENT       ?PR?SHORTKEY_M2?MAIN
  C:1976H         SEGMENT       ?PR?SHORTKEY_M3?MAIN
  C:197FH         SEGMENT       ?PR?SHORTKEY_M4?MAIN
  C:1988H         SEGMENT       ?PR?SHORTKEY_M5?MAIN
  C:1991H         SEGMENT       ?PR?SHORTKEY_M6?MAIN
  C:199AH         SEGMENT       ?PR?SHORTKEY_M7?MAIN
  C:19A3H         SEGMENT       ?PR?SHORTKEY_M8?MAIN
  C:19ACH         SEGMENT       ?PR?SHORTKEY_M9?MAIN
  C:16FBH         SEGMENT       ?PR?_LONGKEY_INDENTIFY?MAIN
  C:19B5H         SEGMENT       ?PR?LONGKEY_POWERON?MAIN
  C:183BH         SEGMENT       ?PR?LONGKEY_POWEROFF?MAIN
  C:19BEH         SEGMENT       ?PR?LONGKEY_E?MAIN
  C:19C7H         SEGMENT       ?PR?LONGKEY_COLOR?MAIN
  C:0D51H         SEGMENT       ?PR?KEY_SCAN?MAIN
  X:014BH         SEGMENT       ?XD?KEY_SCAN?MAIN
BL51 BANKED LINKER/LOCATER V6.22.2.0                                                  12/30/2020  12:14:31  PAGE 11


  C:0AC2H         SEGMENT       ?PR?TX_CMD_USE_BLE_MODE?MAIN
  C:18ACH         SEGMENT       ?PR?GET_MACADDR?MAIN
  C:166DH         SEGMENT       ?PR?SET_MACADDR?MAIN
  C:0EC7H         SEGMENT       ?PR?POWER_ON_INIT?MAIN
  X:014BH         SEGMENT       ?XD?POWER_ON_INIT?MAIN
  C:12BAH         SEGMENT       ?PR?MAIN?MAIN
  C:06ECH         SEGMENT       ?CO?MAIN
  C:0BA6H         SEGMENT       ?C_INITSEG
  X:0000H         SEGMENT       ?XD?MAIN
  B:0020H.0       SEGMENT       ?BI?MAIN
  X:0002H         PUBLIC        ADVPACKET_2
  X:0027H         PUBLIC        BLE_PACKETBUF
  X:0049H         PUBLIC        BLE_PACKETLEN
  C:0F67H         PUBLIC        BLE_PACKET_ENCODE
  C:17B9H         PUBLIC        CALC_CRC_VALUE
  C:001AH         PUBLIC        CLOSE_FUNCLED
  X:0001H         PUBLIC        CURRENTGROUP_1
  X:0024H         PUBLIC        FEN_DUAN
  C:0018H         PUBLIC        FUNCLED_INIT
  C:18ACH         PUBLIC        GET_MACADDR
  C:18C5H         PUBLIC        GPIO_INIT
  C:0E1AH         PUBLIC        KEY24_DETECT_GPIO
  C:07E6H         PUBLIC        KEY24_TBL
  X:0025H         PUBLIC        KEYCODE
  X:00D1H         PUBLIC        KEYCODE1
  X:004AH         PUBLIC        KEYCOUNT
  C:155CH         PUBLIC        KEYP2_SCAN_FUNC
  C:0D51H         PUBLIC        KEY_SCAN
  C:07D5H         PUBLIC        KEY_TBL
  X:0026H         PUBLIC        LONGCOUNT_SCALE
  C:19C7H         PUBLIC        LONGKEY_COLOR
  C:19BEH         PUBLIC        LONGKEY_E
  C:183BH         PUBLIC        LONGKEY_POWEROFF
  C:19B5H         PUBLIC        LONGKEY_POWERON
  X:00D5H         PUBLIC        LONG_KEY_VALUE_TEMP
  X:00D3H         PUBLIC        LONG_KEY_VALUE_TEMPP
  C:12BAH         PUBLIC        MAIN
  C:000EH         PUBLIC        MCU_CLK_INITAL
  C:1603H         PUBLIC        MCU_IO_SLEEP
  C:0019H         PUBLIC        OPEN_FUNCLED
  X:00B1H         PUBLIC        PAYLOAD_DEMO
  C:0EC7H         PUBLIC        POWER_ON_INIT
  B:0020H.1       PUBLIC        RF_ENCODE_37
  B:0020H.2       PUBLIC        RF_ENCODE_38
  B:0020H.3       PUBLIC        RF_ENCODE_39
  X:0048H         PUBLIC        RF_ENCODE_STATE
  X:0050H         PUBLIC        RF_TXBUF_CH37
  X:0070H         PUBLIC        RF_TXBUF_CH38
  X:0090H         PUBLIC        RF_TXBUF_CH39
  X:0047H         PUBLIC        RF_TXLEN_CH3789
  X:00D4H         PUBLIC        RGB_STATIC_DYNAMIC
  X:0000H         PUBLIC        SEQUENCENUM_1
  X:0022H         PUBLIC        SEQUENCENUM_INC_1
  C:1724H         PUBLIC        SET_COMMON_COM_DATA
  C:17FDH         PUBLIC        SET_COMMON_TX_DATA
  C:166DH         PUBLIC        SET_MACADDR
  C:1952H         PUBLIC        SHORTKEY_BLUE
BL51 BANKED LINKER/LOCATER V6.22.2.0                                                  12/30/2020  12:14:31  PAGE 12


  C:1925H         PUBLIC        SHORTKEY_B_ADD
  C:195BH         PUBLIC        SHORTKEY_B_SUB
  C:1949H         PUBLIC        SHORTKEY_COLOR
  C:0026H         PUBLIC        SHORTKEY_E
  C:1937H         PUBLIC        SHORTKEY_GREEN
  C:1964H         PUBLIC        SHORTKEY_M1
  C:196DH         PUBLIC        SHORTKEY_M2
  C:1976H         PUBLIC        SHORTKEY_M3
  C:197FH         PUBLIC        SHORTKEY_M4
  C:1988H         PUBLIC        SHORTKEY_M5
  C:1991H         PUBLIC        SHORTKEY_M6
  C:199AH         PUBLIC        SHORTKEY_M7
  C:19A3H         PUBLIC        SHORTKEY_M8
  C:19ACH         PUBLIC        SHORTKEY_M9
  C:181DH         PUBLIC        SHORTKEY_POWEROFF
  C:1859H         PUBLIC        SHORTKEY_POWERON
  C:191CH         PUBLIC        SHORTKEY_RED
  C:1940H         PUBLIC        SHORTKEY_SCALE
  C:190AH         PUBLIC        SHORTKEY_S_ADD
  C:1901H         PUBLIC        SHORTKEY_S_SUB
  C:1913H         PUBLIC        SHORTKEY_WHITE
  C:192EH         PUBLIC        SHORTKEY_YELLOW
  X:00B0H         PUBLIC        SHORT_LONG_TOUCH_FLAG
  X:0023H         PUBLIC        SINGLE_RF_TEST
  X:004CH         PUBLIC        SRCADDR_1
  X:00D2H         PUBLIC        STATIC_SCENE_STATE
  C:11F5H         PUBLIC        SYS_POWERDOWN
  C:1312H         PUBLIC        SYS_POWERON
  C:16CEH         PUBLIC        SYS_SLEEPMODECHECK
  C:0AC2H         PUBLIC        TX_CMD_USE_BLE_MODE
  B:0020H.0       PUBLIC        TX_DATA_SETED
  C:1639H         PUBLIC        _KEY_SCAN_FUNC
  C:16FBH         PUBLIC        _LONGKEY_INDENTIFY
  C:0F7BH         SYMBOL        ?C0003
  C:0FA3H         SYMBOL        ?C0004
  C:0FCBH         SYMBOL        ?C0005
  C:0FF3H         SYMBOL        ?C0006
  C:16FAH         SYMBOL        ?C0026
  C:1365H         SYMBOL        ?C0029
  C:1259H         SYMBOL        ?C0031
  C:156BH         SYMBOL        ?C0035
  C:158DH         SYMBOL        ?C0036
  C:157AH         SYMBOL        ?C0037
  C:1581H         SYMBOL        ?C0038
  C:1588H         SYMBOL        ?C0039
  C:166AH         SYMBOL        ?C0046
  C:1658H         SYMBOL        ?C0047
  C:166CH         SYMBOL        ?C0048
  C:165EH         SYMBOL        ?C0049
  C:1664H         SYMBOL        ?C0050
  C:0E2EH         SYMBOL        ?C0052
  C:0EC6H         SYMBOL        ?C0053
  C:0E4DH         SYMBOL        ?C0054
  C:0E64H         SYMBOL        ?C0055
  C:0E83H         SYMBOL        ?C0056
  C:0EA2H         SYMBOL        ?C0057
  C:0EC1H         SYMBOL        ?C0058
BL51 BANKED LINKER/LOCATER V6.22.2.0                                                  12/30/2020  12:14:31  PAGE 13


  C:17C0H         SYMBOL        ?C0059
  C:17DAH         SYMBOL        ?C0060
  C:1706H         SYMBOL        ?C0088
  C:1723H         SYMBOL        ?C0089
  C:170FH         SYMBOL        ?C0090
  C:171AH         SYMBOL        ?C0091
  C:1723H         SYMBOL        ?C0092
  C:0DECH         SYMBOL        ?C0097
  C:0DA5H         SYMBOL        ?C0099
  C:0D9AH         SYMBOL        ?C0100
  C:0DE7H         SYMBOL        ?C0102
  C:0DF8H         SYMBOL        ?C0106
  C:0E15H         SYMBOL        ?C0107
  C:0E19H         SYMBOL        ?C0109
  C:0AE5H         SYMBOL        ?C0110
  C:0B27H         SYMBOL        ?C0111
  C:0B1FH         SYMBOL        ?C0112
  C:0B66H         SYMBOL        ?C0114
  C:0B5EH         SYMBOL        ?C0115
  C:0B9DH         SYMBOL        ?C0118
  C:0BA5H         SYMBOL        ?C0120
  C:12D5H         SYMBOL        ?C0124
  C:12E5H         SYMBOL        ?C0126
  C:12F3H         SYMBOL        ?C0127
  C:1301H         SYMBOL        ?C0129
  C:16DFH         SYMBOL        ?C0132
  C:0E5FH         SYMBOL        ?C0133
  C:0EC1H         SYMBOL        ?C0134
  C:0DCFH         SYMBOL        ?C0135
  C:0E15H         SYMBOL        ?C0136
  X:014CH         SYMBOL        ?KEY24_DETECT_GPIO?BYTE
  X:014BH         SYMBOL        ?KEY_SCAN?BYTE
  X:014BH         SYMBOL        ?POWER_ON_INIT?BYTE
  C:06ECH         SYMBOL        ?SC_0
  C:0750H         SYMBOL        ?SC_100
  C:075AH         SYMBOL        ?SC_110
  C:0763H         SYMBOL        ?SC_119
  C:076DH         SYMBOL        ?SC_129
  C:0774H         SYMBOL        ?SC_136
  C:077BH         SYMBOL        ?SC_143
  C:06FBH         SYMBOL        ?SC_15
  C:0782H         SYMBOL        ?SC_150
  C:0789H         SYMBOL        ?SC_157
  C:0790H         SYMBOL        ?SC_164
  C:0797H         SYMBOL        ?SC_171
  C:079EH         SYMBOL        ?SC_178
  C:07A5H         SYMBOL        ?SC_185
  C:07ACH         SYMBOL        ?SC_192
  C:07B6H         SYMBOL        ?SC_202
  C:0701H         SYMBOL        ?SC_21
  C:07C1H         SYMBOL        ?SC_213
  C:07C8H         SYMBOL        ?SC_220
  C:07D0H         SYMBOL        ?SC_228
  C:070BH         SYMBOL        ?SC_31
  C:0715H         SYMBOL        ?SC_41
  C:071FH         SYMBOL        ?SC_51
  C:0727H         SYMBOL        ?SC_59
BL51 BANKED LINKER/LOCATER V6.22.2.0                                                  12/30/2020  12:14:31  PAGE 14


  C:0731H         SYMBOL        ?SC_69
  C:06F3H         SYMBOL        ?SC_7
  C:073CH         SYMBOL        ?SC_80
  C:0746H         SYMBOL        ?SC_90
  B:00D0H.6       SYMBOL        AC
  D:00E0H         SYMBOL        ACC
  D:00E8H         SYMBOL        AIE
  D:00C0H         SYMBOL        AIF
  D:00F8H         SYMBOL        AIP
  D:00BAH         SYMBOL        ASADDR
  D:00BBH         SYMBOL        ASADEN
  D:00BDH         SYMBOL        ASBUF
  D:00BCH         SYMBOL        ASCON
  D:00F0H         SYMBOL        B
  D:008EH         SYMBOL        CCMCON
  D:008FH         SYMBOL        CCMVAL
  D:0084H         SYMBOL        CKCON
  D:0085H         SYMBOL        CLK_EN_CFG
  B:00C8H.0       SYMBOL        CP_RL2
  B:00D0H.7       SYMBOL        CY
  B:00C8H.1       SYMBOL        C_T2
  D:0083H         SYMBOL        DPH
  D:0082H         SYMBOL        DPL
  D:0092H         SYMBOL        DPSEL
  B:00A8H.7       SYMBOL        EA
  B:00A8H.4       SYMBOL        ES0
  B:00A8H.6       SYMBOL        ES1
  B:00A8H.1       SYMBOL        ET0
  B:00A8H.3       SYMBOL        ET1
  B:00A8H.5       SYMBOL        ET2
  B:00A8H.0       SYMBOL        EX0
  B:00A8H.2       SYMBOL        EX1
  B:00E8H.0       SYMBOL        EX2
  B:00E8H.1       SYMBOL        EX3
  B:00E8H.2       SYMBOL        EX4
  B:00E8H.3       SYMBOL        EX5
  B:00E8H.4       SYMBOL        EX6
  B:00E8H.5       SYMBOL        EX7
  B:00E8H.6       SYMBOL        EX8
  B:00E8H.7       SYMBOL        EX9
  B:00C8H.3       SYMBOL        EXEN2
  B:00C8H.6       SYMBOL        EXF2
  D:00EAH         SYMBOL        EXSLEEP
  B:00D0H.5       SYMBOL        F0
  B:00D0H.1       SYMBOL        FL
  D:00D4H         SYMBOL        I2CM_CALLADDR0
  D:00E1H         SYMBOL        I2CM_CTRL
  D:00D2H         SYMBOL        I2CM_DATA_IE
  D:00E6H         SYMBOL        I2CM_DATA_STS
  D:00E4H         SYMBOL        I2CM_PRESC
  D:00E2H         SYMBOL        I2CM_RXDATA
  D:00E3H         SYMBOL        I2CM_TXDATA
  D:00E7H         SYMBOL        I2CM_TXRX_IE
  D:00E5H         SYMBOL        I2CM_TXRX_STS
  D:00F1H         SYMBOL        I2CS_CTRL
  D:00D5H         SYMBOL        I2CS_DATA_IE
  D:00F6H         SYMBOL        I2CS_DATA_STS
BL51 BANKED LINKER/LOCATER V6.22.2.0                                                  12/30/2020  12:14:31  PAGE 15


  D:00F4H         SYMBOL        I2CS_PRESC
  D:00F2H         SYMBOL        I2CS_RXDATA
  D:00D7H         SYMBOL        I2CS_SELFADDR0
  D:00F3H         SYMBOL        I2CS_TXDATA
  D:00D6H         SYMBOL        I2CS_TXRX_IE
  D:00F5H         SYMBOL        I2CS_TXRX_STS
  X:014BH         SYMBOL        I?4847
  D:00A8H         SYMBOL        IE
  B:0088H.1       SYMBOL        IE0
  B:0088H.3       SYMBOL        IE1
  X:014BH         SYMBOL        INKEY?4446
  B:00B0H.2       SYMBOL        INT0
  B:00B0H.3       SYMBOL        INT1
  B:0090H.4       SYMBOL        INT2
  B:0090H.5       SYMBOL        INT3
  B:0090H.6       SYMBOL        INT4
  B:0090H.7       SYMBOL        INT5
  B:00C0H.6       SYMBOL        INT_ADC
  B:00C0H.7       SYMBOL        INT_AES
  B:00C0H.4       SYMBOL        INT_EXT
  B:00C0H.1       SYMBOL        INT_LBD
  B:00C0H.5       SYMBOL        INT_PCA
  B:00C0H.0       SYMBOL        INT_SPI
  B:00C0H.2       SYMBOL        INT_USB
  B:00C0H.3       SYMBOL        INT_XVR
  D:00B8H         SYMBOL        IP
  B:0088H.0       SYMBOL        IT0
  B:0088H.2       SYMBOL        IT1
  B:00B0H.3       SYMBOL        KEY_R0
  B:00B0H.2       SYMBOL        KEY_R1
  B:00B0H.1       SYMBOL        KEY_R2
  B:00B0H.0       SYMBOL        KEY_R3
  B:00A0H.7       SYMBOL        KEY_S0
  B:00A0H.6       SYMBOL        KEY_S1
  B:00A0H.4       SYMBOL        KEY_S2
  B:00A0H.0       SYMBOL        KEY_S3
  X:014CH         SYMBOL        KEY_VALUE?1242
  D:00C1H         SYMBOL        MD0
  D:00C2H         SYMBOL        MD1
  D:00C3H         SYMBOL        MD2
  D:00C4H         SYMBOL        MD3
  D:00C5H         SYMBOL        MD4
  D:00C6H         SYMBOL        MD5
  D:00C7H         SYMBOL        MDCTL
  D:0097H         SYMBOL        MMS
  D:00A1H         SYMBOL        MPAGE
  D:00C9H         SYMBOL        NMI_EN
  B:00D0H.2       SYMBOL        OV
  B:00D0H.0       SYMBOL        P
  D:0080H         SYMBOL        P0
  B:0080H.0       SYMBOL        P00
  B:0080H.1       SYMBOL        P01
  B:0080H.2       SYMBOL        P02
  B:0080H.3       SYMBOL        P03
  B:0080H.4       SYMBOL        P04
  B:0080H.5       SYMBOL        P05
  B:0080H.6       SYMBOL        P06
BL51 BANKED LINKER/LOCATER V6.22.2.0                                                  12/30/2020  12:14:31  PAGE 16


  B:0080H.7       SYMBOL        P07
  D:0091H         SYMBOL        P0IN_EN
  D:009AH         SYMBOL        P0OUT_EN
  D:00D8H         SYMBOL        P0_OPDR
  D:00AEH         SYMBOL        P0_PD
  D:00A9H         SYMBOL        P0_PU
  D:00EBH         SYMBOL        P0_WUEN
  D:00F9H         SYMBOL        P0_WUMOD
  D:0090H         SYMBOL        P1
  B:0090H.0       SYMBOL        P10
  B:0090H.1       SYMBOL        P11
  B:0090H.2       SYMBOL        P12
  B:0090H.3       SYMBOL        P13
  B:0090H.4       SYMBOL        P14
  B:0090H.5       SYMBOL        P15
  B:0090H.6       SYMBOL        P16
  B:0090H.7       SYMBOL        P17
  D:0093H         SYMBOL        P1IN_EN
  D:009EH         SYMBOL        P1OUT_EN
  D:00D9H         SYMBOL        P1_OPDR
  D:00AFH         SYMBOL        P1_PD
  D:00AAH         SYMBOL        P1_PU
  D:00ECH         SYMBOL        P1_WUEN
  D:00FAH         SYMBOL        P1_WUMOD
  D:00A0H         SYMBOL        P2
  B:00A0H.0       SYMBOL        P20
  B:00A0H.1       SYMBOL        P21
  B:00A0H.2       SYMBOL        P22
  B:00A0H.3       SYMBOL        P23
  B:00A0H.4       SYMBOL        P24
  B:00A0H.5       SYMBOL        P25
  B:00A0H.6       SYMBOL        P26
  B:00A0H.7       SYMBOL        P27
  D:0094H         SYMBOL        P2IN_EN
  D:009FH         SYMBOL        P2OUT_EN
  D:00DAH         SYMBOL        P2_OPDR
  D:00B4H         SYMBOL        P2_PD
  D:00ABH         SYMBOL        P2_PU
  D:00EDH         SYMBOL        P2_WUEN
  D:00FBH         SYMBOL        P2_WUMOD
  D:00B0H         SYMBOL        P3
  B:00B0H.0       SYMBOL        P30
  B:00B0H.1       SYMBOL        P31
  B:00B0H.2       SYMBOL        P32
  B:00B0H.3       SYMBOL        P33
  B:00B0H.4       SYMBOL        P34
  B:00B0H.5       SYMBOL        P35
  B:00B0H.6       SYMBOL        P36
  B:00B0H.7       SYMBOL        P37
  D:0095H         SYMBOL        P3IN_EN
  D:00A5H         SYMBOL        P3OUT_EN
  D:00DBH         SYMBOL        P3_OPDR
  D:00B5H         SYMBOL        P3_PD
  D:00ACH         SYMBOL        P3_PU
  D:00EEH         SYMBOL        P3_WUEN
  D:00FCH         SYMBOL        P3_WUMOD
  D:00B7H         SYMBOL        P4
BL51 BANKED LINKER/LOCATER V6.22.2.0                                                  12/30/2020  12:14:31  PAGE 17


  D:0096H         SYMBOL        P4IN_EN
  D:00A7H         SYMBOL        P4OUT_EN
  D:00DCH         SYMBOL        P4_OPDR
  D:00B6H         SYMBOL        P4_PD
  D:00ADH         SYMBOL        P4_PU
  D:00EFH         SYMBOL        P4_WUEN
  D:00FDH         SYMBOL        P4_WUMOD
  D:009BH         SYMBOL        PAGE_A
  D:009CH         SYMBOL        PAGE_B
  D:009DH         SYMBOL        PAGE_C
  D:00E9H         SYMBOL        PALT0
  D:00F7H         SYMBOL        PALT1
  D:0087H         SYMBOL        PCON
  D:0086H         SYMBOL        PCON2
  D:00D0H         SYMBOL        PSW
  D:00A2H         SYMBOL        PWM0_C
  D:00A3H         SYMBOL        PWM0_DCLSB
  D:00A4H         SYMBOL        PWM0_DCMSB
  D:00CEH         SYMBOL        PWM0_RESOL
  D:00DDH         SYMBOL        PWM1_C
  D:00DEH         SYMBOL        PWM1_DCLSB
  D:00DFH         SYMBOL        PWM1_DCMSB
  D:00CFH         SYMBOL        PWM1_RESOL
  B:0098H.2       SYMBOL        RB8
  D:00CBH         SYMBOL        RCAP2H
  D:00CAH         SYMBOL        RCAP2L
  B:00C8H.5       SYMBOL        RCLK
  B:00B0H.7       SYMBOL        RD
  B:0098H.4       SYMBOL        REN
  B:0098H.0       SYMBOL        RI
  B:00D0H.3       SYMBOL        RS0
  B:00D0H.4       SYMBOL        RS1
  B:00B0H.0       SYMBOL        RXD0
  B:0090H.2       SYMBOL        RXD1
  D:0099H         SYMBOL        SBUF0
  D:0098H         SYMBOL        SCON0
  B:0098H.7       SYMBOL        SM0
  B:0098H.6       SYMBOL        SM1
  B:0098H.5       SYMBOL        SM2
  D:0081H         SYMBOL        SP
  D:00B1H         SYMBOL        SPCR
  D:00B2H         SYMBOL        SPDR
  D:00B3H         SYMBOL        SPSR
  B:00B0H.4       SYMBOL        T0
  B:00B0H.5       SYMBOL        T1
  B:0090H.0       SYMBOL        T2
  D:00C8H         SYMBOL        T2CON
  B:0090H.1       SYMBOL        T2EX
  B:0098H.3       SYMBOL        TB8
  B:00C8H.4       SYMBOL        TCLK
  D:0088H         SYMBOL        TCON
  B:0088H.5       SYMBOL        TF0
  B:0088H.7       SYMBOL        TF1
  B:00C8H.7       SYMBOL        TF2
  D:008CH         SYMBOL        TH0
  D:008DH         SYMBOL        TH1
  D:00CDH         SYMBOL        TH2
BL51 BANKED LINKER/LOCATER V6.22.2.0                                                  12/30/2020  12:14:31  PAGE 18


  B:0098H.1       SYMBOL        TI
  D:008AH         SYMBOL        TL0
  D:008BH         SYMBOL        TL1
  D:00CCH         SYMBOL        TL2
  D:0089H         SYMBOL        TMOD
  B:0088H.4       SYMBOL        TR0
  B:0088H.6       SYMBOL        TR1
  B:00C8H.2       SYMBOL        TR2
  B:00B0H.1       SYMBOL        TXD0
  B:0090H.3       SYMBOL        TXD1
  D:00A6H         SYMBOL        WDT
  B:00B0H.6       SYMBOL        WR
  C:0F67H         LINE#         885
  C:0F6AH         LINE#         886
  C:0F6DH         LINE#         889
  C:0F70H         LINE#         890
  C:0F71H         LINE#         891
  C:0F72H         LINE#         892
  C:0F74H         LINE#         893
  C:0F75H         LINE#         894
  C:0F77H         LINE#         895
  C:0F79H         LINE#         896
  C:0F7BH         LINE#         902
  C:0F7EH         LINE#         903
  C:0F80H         LINE#         904
  C:0F81H         LINE#         905
  C:0F82H         LINE#         906
  C:0F84H         LINE#         907
  C:0F85H         LINE#         908
  C:0F86H         LINE#         909
  C:0F88H         LINE#         910
  C:0F89H         LINE#         911
  C:0F8AH         LINE#         912
  C:0F8CH         LINE#         913
  C:0F8DH         LINE#         914
  C:0F8EH         LINE#         915
  C:0F90H         LINE#         916
  C:0F91H         LINE#         917
  C:0F93H         LINE#         918
  C:0F95H         LINE#         919
  C:0F97H         LINE#         920
  C:0F9AH         LINE#         923
  C:0F9DH         LINE#         924
  C:0F9FH         LINE#         925
  C:0FA0H         LINE#         928
  C:0FA2H         LINE#         931
  C:0FA3H         LINE#         937
  C:0FA6H         LINE#         938
  C:0FA8H         LINE#         939
  C:0FA9H         LINE#         940
  C:0FAAH         LINE#         941
  C:0FACH         LINE#         942
  C:0FADH         LINE#         943
  C:0FAEH         LINE#         944
  C:0FB0H         LINE#         945
  C:0FB1H         LINE#         946
  C:0FB2H         LINE#         947
BL51 BANKED LINKER/LOCATER V6.22.2.0                                                  12/30/2020  12:14:31  PAGE 19


  C:0FB4H         LINE#         948
  C:0FB5H         LINE#         949
  C:0FB6H         LINE#         950
  C:0FB8H         LINE#         951
  C:0FB9H         LINE#         952
  C:0FBBH         LINE#         953
  C:0FBDH         LINE#         954
  C:0FBFH         LINE#         955
  C:0FC2H         LINE#         958
  C:0FC5H         LINE#         959
  C:0FC7H         LINE#         960
  C:0FC8H         LINE#         963
  C:0FCAH         LINE#         966
  C:0FCBH         LINE#         972
  C:0FCEH         LINE#         973
  C:0FD0H         LINE#         974
  C:0FD1H         LINE#         975
  C:0FD2H         LINE#         976
  C:0FD4H         LINE#         977
  C:0FD5H         LINE#         978
  C:0FD6H         LINE#         979
  C:0FD8H         LINE#         980
  C:0FD9H         LINE#         981
  C:0FDAH         LINE#         982
  C:0FDCH         LINE#         983
  C:0FDDH         LINE#         984
  C:0FDEH         LINE#         985
  C:0FE0H         LINE#         986
  C:0FE1H         LINE#         987
  C:0FE3H         LINE#         988
  C:0FE5H         LINE#         989
  C:0FE7H         LINE#         990
  C:0FEAH         LINE#         993
  C:0FEBH         LINE#         994
  C:0FEEH         LINE#         995
  C:0FEFH         LINE#         998
  C:0FF1H         LINE#         1001
  C:0FF3H         LINE#         1011
  C:0018H         LINE#         1032
  C:0019H         LINE#         1056
  C:001AH         LINE#         1078
  C:1603H         LINE#         1093
  C:1606H         LINE#         1094
  C:1609H         LINE#         1095
  C:160CH         LINE#         1098
  C:160FH         LINE#         1099
  C:1612H         LINE#         1102
  C:1615H         LINE#         1103
  C:1618H         LINE#         1104
  C:161BH         LINE#         1107
  C:161EH         LINE#         1110
  C:1621H         LINE#         1113
  C:1623H         LINE#         1116
  C:1625H         LINE#         1119
  C:1627H         LINE#         1122
  C:1629H         LINE#         1125
  C:162CH         LINE#         1126
BL51 BANKED LINKER/LOCATER V6.22.2.0                                                  12/30/2020  12:14:31  PAGE 20


  C:162FH         LINE#         1127
  C:1632H         LINE#         1142
  C:1634H         LINE#         1143
  C:1636H         LINE#         1144
  C:18C5H         LINE#         1159
  C:18C8H         LINE#         1160
  C:18CBH         LINE#         1163
  C:18CEH         LINE#         1164
  C:18D1H         LINE#         1165
  C:18D4H         LINE#         1177
  C:18D6H         LINE#         1180
  C:18D8H         LINE#         1183
  C:18DAH         LINE#         1186
  C:18DCH         LINE#         1189
  C:000EH         LINE#         1202
  C:000FH         LINE#         1203
  C:0011H         LINE#         1206
  C:0013H         LINE#         1209
  C:0015H         LINE#         1212
  C:0017H         LINE#         1215
  C:16CEH         LINE#         1229
  C:16D1H         LINE#         1233
  C:16D4H         LINE#         1234
  C:16D5H         LINE#         1235
  C:16D6H         LINE#         1236
  C:16D7H         LINE#         1237
  C:16D9H         LINE#         1238
  C:16DCH         LINE#         1239
  C:16DDH         LINE#         1240
  C:16DEH         LINE#         1241
  C:16DFH         LINE#         1245
  C:16E2H         LINE#         1246
  C:16E3H         LINE#         1247
  C:16E4H         LINE#         1248
  C:16E5H         LINE#         1249
  C:16E6H         LINE#         1250
  C:16E7H         LINE#         1251
  C:16E8H         LINE#         1252
  C:16EBH         LINE#         1253
  C:16ECH         LINE#         1254
  C:16EDH         LINE#         1255
  C:16F0H         LINE#         1256
  C:16F1H         LINE#         1257
  C:16F2H         LINE#         1258
  C:16F4H         LINE#         1263
  C:16F6H         LINE#         1266
  C:16F7H         LINE#         1267
  C:16F8H         LINE#         1268
  C:16F9H         LINE#         1269
  C:16FAH         LINE#         1275
  C:1312H         LINE#         1289
  C:1315H         LINE#         1294
  C:1317H         LINE#         1297
  C:131AH         LINE#         1300
  C:131CH         LINE#         1301
  C:131EH         LINE#         1302
  C:1320H         LINE#         1303
BL51 BANKED LINKER/LOCATER V6.22.2.0                                                  12/30/2020  12:14:31  PAGE 21


  C:1322H         LINE#         1304
  C:1325H         LINE#         1307
  C:1328H         LINE#         1310
  C:132BH         LINE#         1311
  C:132DH         LINE#         1312
  C:132EH         LINE#         1315
  C:1330H         LINE#         1316
  C:1331H         LINE#         1321
  C:1332H         LINE#         1322
  C:1334H         LINE#         1323
  C:1337H         LINE#         1326
  C:1339H         LINE#         1327
  C:133BH         LINE#         1328
  C:133DH         LINE#         1329
  C:133FH         LINE#         1330
  C:1342H         LINE#         1335
  C:1344H         LINE#         1336
  C:1346H         LINE#         1337
  C:1348H         LINE#         1338
  C:134AH         LINE#         1339
  C:134DH         LINE#         1342
  C:1350H         LINE#         1346
  C:1352H         LINE#         1347
  C:1354H         LINE#         1348
  C:1356H         LINE#         1349
  C:1358H         LINE#         1350
  C:135BH         LINE#         1353
  C:135EH         LINE#         1356
  C:135FH         LINE#         1357
  C:1362H         LINE#         1358
  C:1363H         LINE#         1359
  C:1364H         LINE#         1360
  C:1365H         LINE#         1366
  C:11F5H         LINE#         1380
  C:11F8H         LINE#         1385
  C:11FAH         LINE#         1389
  C:11FDH         LINE#         1392
  C:1200H         LINE#         1396
  C:1202H         LINE#         1399
  C:1205H         LINE#         1403
  C:1207H         LINE#         1404
  C:1209H         LINE#         1405
  C:120BH         LINE#         1406
  C:120DH         LINE#         1407
  C:1210H         LINE#         1408
  C:1211H         LINE#         1409
  C:1213H         LINE#         1412
  C:1216H         LINE#         1416
  C:1219H         LINE#         1417
  C:121AH         LINE#         1418
  C:121CH         LINE#         1419
  C:121DH         LINE#         1424
  C:1220H         LINE#         1427
  C:1221H         LINE#         1428
  C:1223H         LINE#         1436
  C:1225H         LINE#         1437
  C:1226H         LINE#         1441
BL51 BANKED LINKER/LOCATER V6.22.2.0                                                  12/30/2020  12:14:31  PAGE 22


  C:1228H         LINE#         1442
  C:122AH         LINE#         1443
  C:122CH         LINE#         1444
  C:122EH         LINE#         1445
  C:1231H         LINE#         1448
  C:1234H         LINE#         1451
  C:1235H         LINE#         1454
  C:1236H         LINE#         1457
  C:1237H         LINE#         1460
  C:1238H         LINE#         1463
  C:1239H         LINE#         1466
  C:123AH         LINE#         1469
  C:123BH         LINE#         1472
  C:123CH         LINE#         1475
  C:123DH         LINE#         1478
  C:123EH         LINE#         1481
  C:123FH         LINE#         1484
  C:1240H         LINE#         1487
  C:1241H         LINE#         1488
  C:1243H         LINE#         1491
  C:1244H         LINE#         1494
  C:1245H         LINE#         1497
  C:1246H         LINE#         1500
  C:1247H         LINE#         1503
  C:1248H         LINE#         1506
  C:1249H         LINE#         1509
  C:124AH         LINE#         1512
  C:124BH         LINE#         1515
  C:124CH         LINE#         1518
  C:124DH         LINE#         1521
  C:124EH         LINE#         1524
  C:124FH         LINE#         1527
  C:1251H         LINE#         1528
  C:1252H         LINE#         1529
  C:1253H         LINE#         1530
  C:1254H         LINE#         1531
  C:1257H         LINE#         1534
  C:1259H         LINE#         1541
  C:155CH         LINE#         1577
  C:155DH         LINE#         1578
  C:155EH         LINE#         1582
  C:1561H         LINE#         1583
  C:1564H         LINE#         1584
  C:1567H         LINE#         1587
  C:1569H         LINE#         1588
  C:156BH         LINE#         1597
  C:156DH         LINE#         1598
  C:156FH         LINE#         1599
  C:1571H         LINE#         1600
  C:1573H         LINE#         1604
  C:1576H         LINE#         1605
  C:1578H         LINE#         1606
  C:157AH         LINE#         1610
  C:157DH         LINE#         1611
  C:157FH         LINE#         1612
  C:1581H         LINE#         1616
  C:1584H         LINE#         1617
BL51 BANKED LINKER/LOCATER V6.22.2.0                                                  12/30/2020  12:14:31  PAGE 23


  C:1586H         LINE#         1618
  C:1588H         LINE#         1622
  C:158BH         LINE#         1623
  C:158DH         LINE#         1631
  C:1590H         LINE#         1632
  C:1593H         LINE#         1641
  C:1639H         LINE#         1655
  C:163CH         LINE#         1656
  C:163FH         LINE#         1660
  C:1642H         LINE#         1661
  C:1645H         LINE#         1662
  C:1648H         LINE#         1673
  C:164AH         LINE#         1677
  C:164CH         LINE#         1678
  C:164EH         LINE#         1679
  C:1650H         LINE#         1680
  C:1652H         LINE#         1683
  C:1655H         LINE#         1684
  C:1657H         LINE#         1685
  C:1658H         LINE#         1689
  C:165BH         LINE#         1690
  C:165DH         LINE#         1691
  C:165EH         LINE#         1695
  C:1661H         LINE#         1696
  C:1663H         LINE#         1697
  C:1664H         LINE#         1701
  C:1667H         LINE#         1702
  C:1669H         LINE#         1703
  C:166AH         LINE#         1709
  C:166CH         LINE#         1713
  C:0E1AH         LINE#         1727
  C:0E1BH         LINE#         1728
  C:0E1EH         LINE#         1729
  C:0E1FH         LINE#         1732
  C:0E22H         LINE#         1733
  C:0E23H         LINE#         1734
  C:0E24H         LINE#         1735
  C:0E26H         LINE#         1736
  C:0E27H         LINE#         1737
  C:0E28H         LINE#         1738
  C:0E2AH         LINE#         1739
  C:0E2CH         LINE#         1740
  C:0E2EH         LINE#         1744
  C:0E30H         LINE#         1745
  C:0E33H         LINE#         1746
  C:0E36H         LINE#         1747
  C:0E37H         LINE#         1748
  C:0E38H         LINE#         1749
  C:0E3AH         LINE#         1750
  C:0E3BH         LINE#         1751
  C:0E3DH         LINE#         1752
  C:0E3EH         LINE#         1753
  C:0E40H         LINE#         1754
  C:0E42H         LINE#         1755
  C:0E45H         LINE#         1756
  C:0E48H         LINE#         1757
  C:0E49H         LINE#         1758
BL51 BANKED LINKER/LOCATER V6.22.2.0                                                  12/30/2020  12:14:31  PAGE 24


  C:0E4BH         LINE#         1759
  C:0E4CH         LINE#         1760
  C:0E4DH         LINE#         1765
  C:0E4FH         LINE#         1766
  C:0E52H         LINE#         1767
  C:0E55H         LINE#         1768
  C:0E56H         LINE#         1769
  C:0E57H         LINE#         1770
  C:0E59H         LINE#         1771
  C:0E5AH         LINE#         1772
  C:0E5BH         LINE#         1773
  C:0E5DH         LINE#         1774
  C:0E5FH         LINE#         1776
  C:0E62H         LINE#         1777
  C:0E64H         LINE#         1781
  C:0E66H         LINE#         1782
  C:0E69H         LINE#         1783
  C:0E6CH         LINE#         1784
  C:0E6DH         LINE#         1785
  C:0E6EH         LINE#         1786
  C:0E70H         LINE#         1787
  C:0E71H         LINE#         1788
  C:0E73H         LINE#         1789
  C:0E74H         LINE#         1790
  C:0E76H         LINE#         1791
  C:0E78H         LINE#         1792
  C:0E7BH         LINE#         1793
  C:0E7EH         LINE#         1794
  C:0E7FH         LINE#         1795
  C:0E81H         LINE#         1796
  C:0E82H         LINE#         1797
  C:0E83H         LINE#         1801
  C:0E85H         LINE#         1802
  C:0E88H         LINE#         1803
  C:0E8BH         LINE#         1804
  C:0E8CH         LINE#         1805
  C:0E8DH         LINE#         1806
  C:0E8FH         LINE#         1807
  C:0E90H         LINE#         1808
  C:0E92H         LINE#         1809
  C:0E93H         LINE#         1810
  C:0E95H         LINE#         1811
  C:0E97H         LINE#         1812
  C:0E9AH         LINE#         1813
  C:0E9DH         LINE#         1814
  C:0E9EH         LINE#         1815
  C:0EA0H         LINE#         1816
  C:0EA1H         LINE#         1817
  C:0EA2H         LINE#         1821
  C:0EA4H         LINE#         1822
  C:0EA7H         LINE#         1823
  C:0EAAH         LINE#         1824
  C:0EABH         LINE#         1825
  C:0EACH         LINE#         1826
  C:0EAEH         LINE#         1827
  C:0EAFH         LINE#         1828
  C:0EB1H         LINE#         1829
BL51 BANKED LINKER/LOCATER V6.22.2.0                                                  12/30/2020  12:14:31  PAGE 25


  C:0EB2H         LINE#         1830
  C:0EB4H         LINE#         1831
  C:0EB6H         LINE#         1832
  C:0EB9H         LINE#         1833
  C:0EBCH         LINE#         1834
  C:0EBDH         LINE#         1835
  C:0EBFH         LINE#         1836
  C:0EC0H         LINE#         1837
  C:0EC1H         LINE#         1843
  C:0EC4H         LINE#         1844
  C:0EC5H         LINE#         1845
  C:0EC6H         LINE#         1849
  C:17B9H         LINE#         1948
  C:17BCH         LINE#         1949
  C:17BDH         LINE#         1950
  C:17BEH         LINE#         1955
  C:17C0H         LINE#         1957
  C:17C1H         LINE#         1958
  C:17C2H         LINE#         1959
  C:17C4H         LINE#         1960
  C:17C6H         LINE#         1961
  C:17C8H         LINE#         1962
  C:17CAH         LINE#         1965
  C:17CCH         LINE#         1966
  C:17CDH         LINE#         1967
  C:17CFH         LINE#         1968
  C:17D0H         LINE#         1969
  C:17D2H         LINE#         1970
  C:17D4H         LINE#         1971
  C:17D5H         LINE#         1972
  C:17D6H         LINE#         1973
  C:17D7H         LINE#         1976
  C:17D8H         LINE#         1977
  C:17DAH         LINE#         1983
  C:1724H         LINE#         1995
  C:1727H         LINE#         1998
  C:172AH         LINE#         1999
  C:172CH         LINE#         2000
  C:172DH         LINE#         2004
  C:1730H         LINE#         2005
  C:1732H         LINE#         2006
  C:1733H         LINE#         2009
  C:1734H         LINE#         2010
  C:1736H         LINE#         2011
  C:1737H         LINE#         2014
  C:1738H         LINE#         2015
  C:173AH         LINE#         2016
  C:173BH         LINE#         2019
  C:173CH         LINE#         2020
  C:173EH         LINE#         2021
  C:173FH         LINE#         2024
  C:1740H         LINE#         2025
  C:1742H         LINE#         2026
  C:1743H         LINE#         2030
  C:1744H         LINE#         2031
  C:1745H         LINE#         2032
  C:1746H         LINE#         2035
BL51 BANKED LINKER/LOCATER V6.22.2.0                                                  12/30/2020  12:14:31  PAGE 26


  C:1747H         LINE#         2036
  C:1749H         LINE#         2037
  C:174AH         LINE#         2040
  C:17FDH         LINE#         2052
  C:17FEH         LINE#         2053
  C:1801H         LINE#         2054
  C:1802H         LINE#         2058
  C:1805H         LINE#         2059
  C:1806H         LINE#         2060
  C:1807H         LINE#         2061
  C:1808H         LINE#         2065
  C:1809H         LINE#         2066
  C:180CH         LINE#         2067
  C:180DH         LINE#         2070
  C:1810H         LINE#         2071
  C:1813H         LINE#         2072
  C:1814H         LINE#         2073
  C:1815H         LINE#         2076
  C:1816H         LINE#         2077
  C:1817H         LINE#         2078
  C:1818H         LINE#         2081
  C:1819H         LINE#         2082
  C:181BH         LINE#         2083
  C:181CH         LINE#         2086
  C:1859H         LINE#         2099
  C:185BH         LINE#         2100
  C:185DH         LINE#         2101
  C:185FH         LINE#         2102
  C:1862H         LINE#         2105
  C:1865H         LINE#         2106
  C:1867H         LINE#         2107
  C:1868H         LINE#         2110
  C:186BH         LINE#         2111
  C:186CH         LINE#         2114
  C:186FH         LINE#         2115
  C:1871H         LINE#         2116
  C:1872H         LINE#         2119
  C:1873H         LINE#         2120
  C:1874H         LINE#         2121
  C:1875H         LINE#         2125
  C:181DH         LINE#         2136
  C:181FH         LINE#         2137
  C:1821H         LINE#         2138
  C:1823H         LINE#         2139
  C:1826H         LINE#         2142
  C:1829H         LINE#         2143
  C:182BH         LINE#         2144
  C:182CH         LINE#         2147
  C:182FH         LINE#         2148
  C:1830H         LINE#         2151
  C:1833H         LINE#         2152
  C:1835H         LINE#         2153
  C:1836H         LINE#         2156
  C:1837H         LINE#         2157
  C:1839H         LINE#         2158
  C:183AH         LINE#         2161
  C:0026H         LINE#         2172
BL51 BANKED LINKER/LOCATER V6.22.2.0                                                  12/30/2020  12:14:31  PAGE 27


  C:0028H         LINE#         2173
  C:002AH         LINE#         2174
  C:002CH         LINE#         2175
  C:1901H         LINE#         2188
  C:1903H         LINE#         2189
  C:1905H         LINE#         2190
  C:1907H         LINE#         2191
  C:190AH         LINE#         2204
  C:190CH         LINE#         2205
  C:190EH         LINE#         2206
  C:1910H         LINE#         2207
  C:1913H         LINE#         2220
  C:1915H         LINE#         2221
  C:1917H         LINE#         2222
  C:1919H         LINE#         2223
  C:191CH         LINE#         2235
  C:191EH         LINE#         2236
  C:1920H         LINE#         2237
  C:1922H         LINE#         2238
  C:1925H         LINE#         2251
  C:1927H         LINE#         2252
  C:1929H         LINE#         2253
  C:192BH         LINE#         2254
  C:192EH         LINE#         2267
  C:1930H         LINE#         2268
  C:1932H         LINE#         2269
  C:1934H         LINE#         2270
  C:1937H         LINE#         2283
  C:1939H         LINE#         2284
  C:193BH         LINE#         2285
  C:193DH         LINE#         2286
  C:1940H         LINE#         2299
  C:1942H         LINE#         2300
  C:1944H         LINE#         2301
  C:1946H         LINE#         2302
  C:1949H         LINE#         2315
  C:194BH         LINE#         2316
  C:194DH         LINE#         2317
  C:194FH         LINE#         2318
  C:1952H         LINE#         2332
  C:1954H         LINE#         2333
  C:1956H         LINE#         2334
  C:1958H         LINE#         2335
  C:195BH         LINE#         2348
  C:195DH         LINE#         2349
  C:195FH         LINE#         2350
  C:1961H         LINE#         2351
  C:1964H         LINE#         2364
  C:1966H         LINE#         2365
  C:1968H         LINE#         2366
  C:196AH         LINE#         2367
  C:196DH         LINE#         2380
  C:196FH         LINE#         2381
  C:1971H         LINE#         2382
  C:1973H         LINE#         2383
  C:1976H         LINE#         2396
  C:1978H         LINE#         2397
BL51 BANKED LINKER/LOCATER V6.22.2.0                                                  12/30/2020  12:14:31  PAGE 28


  C:197AH         LINE#         2398
  C:197CH         LINE#         2399
  C:197FH         LINE#         2412
  C:1981H         LINE#         2413
  C:1983H         LINE#         2414
  C:1985H         LINE#         2415
  C:1988H         LINE#         2428
  C:198AH         LINE#         2429
  C:198CH         LINE#         2430
  C:198EH         LINE#         2431
  C:1991H         LINE#         2444
  C:1993H         LINE#         2445
  C:1995H         LINE#         2446
  C:1997H         LINE#         2447
  C:199AH         LINE#         2460
  C:199CH         LINE#         2461
  C:199EH         LINE#         2462
  C:19A0H         LINE#         2463
  C:19A3H         LINE#         2476
  C:19A5H         LINE#         2477
  C:19A7H         LINE#         2478
  C:19A9H         LINE#         2479
  C:19ACH         LINE#         2492
  C:19AEH         LINE#         2493
  C:19B0H         LINE#         2494
  C:19B2H         LINE#         2495
  C:16FBH         LINE#         2510
  C:16FCH         LINE#         2511
  C:16FDH         LINE#         2512
  C:16FFH         LINE#         2513
  C:1701H         LINE#         2514
  C:1703H         LINE#         2517
  C:1705H         LINE#         2518
  C:1706H         LINE#         2524
  C:1707H         LINE#         2525
  C:1709H         LINE#         2526
  C:170AH         LINE#         2527
  C:170CH         LINE#         2530
  C:170EH         LINE#         2531
  C:170FH         LINE#         2537
  C:1710H         LINE#         2538
  C:1711H         LINE#         2539
  C:1713H         LINE#         2540
  C:1715H         LINE#         2541
  C:1717H         LINE#         2544
  C:1719H         LINE#         2545
  C:171AH         LINE#         2551
  C:171BH         LINE#         2552
  C:171DH         LINE#         2553
  C:171EH         LINE#         2554
  C:1720H         LINE#         2557
  C:1722H         LINE#         2558
  C:1723H         LINE#         2567
  C:19B5H         LINE#         2579
  C:19B7H         LINE#         2580
  C:19B9H         LINE#         2581
  C:19BBH         LINE#         2582
BL51 BANKED LINKER/LOCATER V6.22.2.0                                                  12/30/2020  12:14:31  PAGE 29


  C:183BH         LINE#         2594
  C:183DH         LINE#         2595
  C:183FH         LINE#         2596
  C:1841H         LINE#         2597
  C:1844H         LINE#         2600
  C:1847H         LINE#         2601
  C:1849H         LINE#         2602
  C:184AH         LINE#         2605
  C:184DH         LINE#         2606
  C:184EH         LINE#         2609
  C:1851H         LINE#         2610
  C:1853H         LINE#         2611
  C:1854H         LINE#         2614
  C:1855H         LINE#         2615
  C:1857H         LINE#         2616
  C:1858H         LINE#         2620
  C:19BEH         LINE#         2631
  C:19C0H         LINE#         2632
  C:19C2H         LINE#         2633
  C:19C4H         LINE#         2634
  C:19C7H         LINE#         2647
  C:19C9H         LINE#         2648
  C:19CBH         LINE#         2649
  C:19CDH         LINE#         2650
  C:0D51H         LINE#         2706
  C:0D54H         LINE#         2707
  C:0D57H         LINE#         2708
  C:0D58H         LINE#         2709
  C:0D59H         LINE#         2712
  C:0D5BH         LINE#         2713
  C:0D5EH         LINE#         2716
  C:0D61H         LINE#         2717
  C:0D62H         LINE#         2718
  C:0D63H         LINE#         2719
  C:0D65H         LINE#         2720
  C:0D68H         LINE#         2723
  C:0D6BH         LINE#         2724
  C:0D6CH         LINE#         2725
  C:0D6DH         LINE#         2726
  C:0D6EH         LINE#         2727
  C:0D6FH         LINE#         2728
  C:0D70H         LINE#         2729
  C:0D71H         LINE#         2730
  C:0D73H         LINE#         2731
  C:0D74H         LINE#         2732
  C:0D76H         LINE#         2733
  C:0D78H         LINE#         2734
  C:0D79H         LINE#         2735
  C:0D7BH         LINE#         2736
  C:0D7CH         LINE#         2737
  C:0D7EH         LINE#         2738
  C:0D80H         LINE#         2743
  C:0D83H         LINE#         2744
  C:0D84H         LINE#         2745
  C:0D85H         LINE#         2746
  C:0D87H         LINE#         2747
  C:0D89H         LINE#         2748
BL51 BANKED LINKER/LOCATER V6.22.2.0                                                  12/30/2020  12:14:31  PAGE 30


  C:0D8BH         LINE#         2749
  C:0D8DH         LINE#         2750
  C:0D8EH         LINE#         2751
  C:0D90H         LINE#         2752
  C:0D92H         LINE#         2753
  C:0D93H         LINE#         2754
  C:0D94H         LINE#         2755
  C:0D97H         LINE#         2758
  C:0D98H         LINE#         2761
  C:0D9AH         LINE#         2766
  C:0D9CH         LINE#         2767
  C:0D9EH         LINE#         2768
  C:0DA0H         LINE#         2769
  C:0DA3H         LINE#         2774
  C:0DA5H         LINE#         2776
  C:0DA6H         LINE#         2777
  C:0DA9H         LINE#         2778
  C:0DAAH         LINE#         2779
  C:0DACH         LINE#         2780
  C:0DAFH         LINE#         2781
  C:0DB0H         LINE#         2782
  C:0DB2H         LINE#         2783
  C:0DB4H         LINE#         2786
  C:0DB7H         LINE#         2787
  C:0DB8H         LINE#         2788
  C:0DB9H         LINE#         2789
  C:0DBBH         LINE#         2790
  C:0DBDH         LINE#         2791
  C:0DBFH         LINE#         2792
  C:0DC1H         LINE#         2793
  C:0DC2H         LINE#         2794
  C:0DC4H         LINE#         2795
  C:0DC6H         LINE#         2796
  C:0DC7H         LINE#         2797
  C:0DC8H         LINE#         2798
  C:0DCBH         LINE#         2801
  C:0DCEH         LINE#         2802
  C:0DCFH         LINE#         2804
  C:0DD1H         LINE#         2805
  C:0DD3H         LINE#         2806
  C:0DD5H         LINE#         2807
  C:0DD7H         LINE#         2808
  C:0DD8H         LINE#         2809
  C:0DDAH         LINE#         2810
  C:0DDCH         LINE#         2811
  C:0DDEH         LINE#         2812
  C:0DDFH         LINE#         2813
  C:0DE0H         LINE#         2814
  C:0DE2H         LINE#         2815
  C:0DE3H         LINE#         2816
  C:0DE4H         LINE#         2817
  C:0DE7H         LINE#         2826
  C:0DE9H         LINE#         2829
  C:0DEAH         LINE#         2834
  C:0DECH         LINE#         2838
  C:0DEFH         LINE#         2839
  C:0DF0H         LINE#         2840
BL51 BANKED LINKER/LOCATER V6.22.2.0                                                  12/30/2020  12:14:31  PAGE 31


  C:0DF2H         LINE#         2843
  C:0DF5H         LINE#         2844
  C:0DF6H         LINE#         2845
  C:0DF7H         LINE#         2846
  C:0DF8H         LINE#         2853
  C:0DF9H         LINE#         2854
  C:0DFCH         LINE#         2855
  C:0DFDH         LINE#         2856
  C:0DFFH         LINE#         2857
  C:0E02H         LINE#         2858
  C:0E03H         LINE#         2859
  C:0E05H         LINE#         2860
  C:0E08H         LINE#         2861
  C:0E09H         LINE#         2862
  C:0E0BH         LINE#         2865
  C:0E0CH         LINE#         2866
  C:0E0FH         LINE#         2867
  C:0E12H         LINE#         2868
  C:0E13H         LINE#         2869
  C:0E14H         LINE#         2872
  C:0E15H         LINE#         2877
  C:0E18H         LINE#         2878
  C:0E19H         LINE#         2893
  C:0AC2H         LINE#         3202
  C:0AC5H         LINE#         3203
  C:0AC6H         LINE#         3204
  C:0AC7H         LINE#         3205
  C:0AC8H         LINE#         3208
  C:0AC9H         LINE#         3209
  C:0ACAH         LINE#         3210
  C:0ACCH         LINE#         3211
  C:0ACEH         LINE#         3212
  C:0AD0H         LINE#         3213
  C:0AD2H         LINE#         3216
  C:0AD5H         LINE#         3217
  C:0AD6H         LINE#         3218
  C:0AD9H         LINE#         3219
  C:0ADAH         LINE#         3222
  C:0ADBH         LINE#         3223
  C:0ADEH         LINE#         3224
  C:0ADFH         LINE#         3227
  C:0AE1H         LINE#         3230
  C:0AE4H         LINE#         3231
  C:0AE5H         LINE#         3238
  C:0AE8H         LINE#         3239
  C:0AEAH         LINE#         3240
  C:0AEBH         LINE#         3245
  C:0AEEH         LINE#         3248
  C:0AEFH         LINE#         3249
  C:0AF0H         LINE#         3250
  C:0AF2H         LINE#         3251
  C:0AF4H         LINE#         3252
  C:0AF6H         LINE#         3253
  C:0AF8H         LINE#         3254
  C:0AFAH         LINE#         3255
  C:0AFCH         LINE#         3256
  C:0AFEH         LINE#         3257
BL51 BANKED LINKER/LOCATER V6.22.2.0                                                  12/30/2020  12:14:31  PAGE 32


  C:0B01H         LINE#         3260
  C:0B04H         LINE#         3261
  C:0B06H         LINE#         3262
  C:0B07H         LINE#         3263
  C:0B0AH         LINE#         3264
  C:0B0CH         LINE#         3265
  C:0B0DH         LINE#         3266
  C:0B0EH         LINE#         3267
  C:0B10H         LINE#         3268
  C:0B11H         LINE#         3271
  C:0B13H         LINE#         3272
  C:0B15H         LINE#         3273
  C:0B17H         LINE#         3274
  C:0B1AH         LINE#         3275
  C:0B1BH         LINE#         3276
  C:0B1CH         LINE#         3277
  C:0B1FH         LINE#         3281
  C:0B22H         LINE#         3282
  C:0B23H         LINE#         3283
  C:0B25H         LINE#         3286
  C:0B26H         LINE#         3287
  C:0B27H         LINE#         3293
  C:0B2AH         LINE#         3296
  C:0B2DH         LINE#         3297
  C:0B2EH         LINE#         3298
  C:0B2FH         LINE#         3299
  C:0B31H         LINE#         3300
  C:0B33H         LINE#         3301
  C:0B35H         LINE#         3302
  C:0B37H         LINE#         3303
  C:0B39H         LINE#         3304
  C:0B3BH         LINE#         3305
  C:0B3DH         LINE#         3306
  C:0B40H         LINE#         3309
  C:0B43H         LINE#         3310
  C:0B45H         LINE#         3311
  C:0B46H         LINE#         3312
  C:0B49H         LINE#         3313
  C:0B4BH         LINE#         3314
  C:0B4CH         LINE#         3315
  C:0B4DH         LINE#         3316
  C:0B4FH         LINE#         3317
  C:0B50H         LINE#         3320
  C:0B52H         LINE#         3321
  C:0B54H         LINE#         3322
  C:0B56H         LINE#         3323
  C:0B59H         LINE#         3324
  C:0B5AH         LINE#         3325
  C:0B5BH         LINE#         3326
  C:0B5EH         LINE#         3330
  C:0B61H         LINE#         3331
  C:0B62H         LINE#         3332
  C:0B64H         LINE#         3335
  C:0B65H         LINE#         3336
  C:0B66H         LINE#         3342
  C:0B69H         LINE#         3345
  C:0B6CH         LINE#         3346
BL51 BANKED LINKER/LOCATER V6.22.2.0                                                  12/30/2020  12:14:31  PAGE 33


  C:0B6DH         LINE#         3347
  C:0B6EH         LINE#         3348
  C:0B70H         LINE#         3349
  C:0B72H         LINE#         3350
  C:0B74H         LINE#         3351
  C:0B76H         LINE#         3352
  C:0B78H         LINE#         3353
  C:0B7AH         LINE#         3354
  C:0B7CH         LINE#         3355
  C:0B7FH         LINE#         3358
  C:0B82H         LINE#         3359
  C:0B84H         LINE#         3360
  C:0B85H         LINE#         3361
  C:0B88H         LINE#         3362
  C:0B8AH         LINE#         3363
  C:0B8BH         LINE#         3364
  C:0B8CH         LINE#         3365
  C:0B8EH         LINE#         3366
  C:0B8FH         LINE#         3369
  C:0B91H         LINE#         3370
  C:0B93H         LINE#         3371
  C:0B95H         LINE#         3372
  C:0B98H         LINE#         3373
  C:0B99H         LINE#         3374
  C:0B9AH         LINE#         3375
  C:0B9DH         LINE#         3379
  C:0BA0H         LINE#         3380
  C:0BA1H         LINE#         3381
  C:0BA3H         LINE#         3384
  C:0BA4H         LINE#         3385
  C:0BA5H         LINE#         3391
  C:18ACH         LINE#         3403
  C:18AFH         LINE#         3404
  C:18B1H         LINE#         3405
  C:18B2H         LINE#         3408
  C:18B5H         LINE#         3409
  C:18B7H         LINE#         3410
  C:18B8H         LINE#         3413
  C:18BBH         LINE#         3414
  C:18BDH         LINE#         3415
  C:18BEH         LINE#         3418
  C:18C1H         LINE#         3419
  C:18C3H         LINE#         3420
  C:18C4H         LINE#         3423
  C:166DH         LINE#         3435
  C:1670H         LINE#         3436
  C:1671H         LINE#         3437
  C:1672H         LINE#         3438
  C:1675H         LINE#         3439
  C:1676H         LINE#         3442
  C:1679H         LINE#         3443
  C:167AH         LINE#         3444
  C:167BH         LINE#         3445
  C:167EH         LINE#         3446
  C:167FH         LINE#         3449
  C:1682H         LINE#         3450
  C:1683H         LINE#         3451
BL51 BANKED LINKER/LOCATER V6.22.2.0                                                  12/30/2020  12:14:31  PAGE 34


  C:1684H         LINE#         3452
  C:1687H         LINE#         3453
  C:1688H         LINE#         3456
  C:168BH         LINE#         3457
  C:168CH         LINE#         3458
  C:168FH         LINE#         3459
  C:1690H         LINE#         3462
  C:1691H         LINE#         3463
  C:1692H         LINE#         3464
  C:1693H         LINE#         3468
  C:1696H         LINE#         3469
  C:1697H         LINE#         3470
  C:1698H         LINE#         3473
  C:1699H         LINE#         3474
  C:169AH         LINE#         3475
  C:169BH         LINE#         3478
  C:169CH         LINE#         3479
  C:169DH         LINE#         3480
  C:169EH         LINE#         3483
  C:0EC7H         LINE#         3494
  C:0ECAH         LINE#         3495
  C:0ECCH         LINE#         3496
  C:0ECDH         LINE#         3499
  C:0ECFH         LINE#         3502
  C:0ED2H         LINE#         3505
  C:0ED5H         LINE#         3508
  C:0ED7H         LINE#         3513
  C:0ED9H         LINE#         3514
  C:0EDBH         LINE#         3515
  C:0EDEH         LINE#         3518
  C:0EE0H         LINE#         3519
  C:0EE2H         LINE#         3520
  C:0EE4H         LINE#         3521
  C:0EE6H         LINE#         3522
  C:0EE9H         LINE#         3527
  C:0EECH         LINE#         3528
  C:0EEEH         LINE#         3529
  C:0EEFH         LINE#         3530
  C:0EF0H         LINE#         3531
  C:0EF2H         LINE#         3532
  C:0EF3H         LINE#         3533
  C:0EF4H         LINE#         3534
  C:0EF6H         LINE#         3535
  C:0EF7H         LINE#         3536
  C:0EF8H         LINE#         3537
  C:0EFAH         LINE#         3538
[...]
  -------         ENDPROC       L?0061
  C:17DEH         SYMBOL        L?0062
  -------         PROC          _SWAPBITS_8BIT
  D:0007H         SYMBOL        dat
  -------         DO            
  D:0005H         SYMBOL        i
  D:0006H         SYMBOL        data_rev
  -------         ENDDO         
  C:17E2H         LINE#         54
  C:17E2H         LINE#         55
  C:17E2H         LINE#         56
  C:17E4H         LINE#         58
  C:17E5H         LINE#         59
  C:17E5H         LINE#         60
  C:17E9H         LINE#         61
  C:17F1H         LINE#         62
  C:17F5H         LINE#         63
  C:17FAH         LINE#         64
  C:17FCH         LINE#         65
  -------         ENDPROC       _SWAPBITS_8BIT
  -------         PROC          _BLE_CRC
  X:0154H         SYMBOL        dat
  X:0157H         SYMBOL        len
  X:0158H         SYMBOL        crc
BL51 BANKED LINKER/LOCATER V6.22.2.0                                                  12/30/2020  12:14:31  PAGE 44


  -------         DO            
  X:015BH         SYMBOL        byte_data
  D:0005H         SYMBOL        tmp
  D:0007H         SYMBOL        i
  -------         ENDDO         
  C:085AH         LINE#         67
  C:0868H         LINE#         68
  C:0868H         LINE#         71
  C:0876H         LINE#         72
  C:0889H         LINE#         73
  C:0891H         LINE#         75
  C:089EH         LINE#         76
  C:089EH         LINE#         77
  C:08B5H         LINE#         78
  C:08BDH         LINE#         79
  C:08BDH         LINE#         80
  C:08CCH         LINE#         81
  C:08D1H         LINE#         82
  C:08EDH         LINE#         84
  C:0905H         LINE#         85
  C:0928H         LINE#         87
  C:0940H         LINE#         89
  C:0953H         LINE#         90
  C:0953H         LINE#         91
  C:0964H         LINE#         92
  C:097CH         LINE#         93
  C:0994H         LINE#         94
  C:0994H         LINE#         95
  C:099BH         LINE#         96
  C:099FH         LINE#         97
  C:099FH         LINE#         98
  -------         ENDPROC       _BLE_CRC
  -------         PROC          L?0063
  -------         ENDPROC       L?0063
  -------         PROC          _BLE_WHITEN
  X:0154H         SYMBOL        dat
  D:0005H         SYMBOL        len
  X:0158H         SYMBOL        channel
  -------         DO            
  D:0007H         SYMBOL        i
  -------         ENDDO         
  C:1263H         LINE#         103
  C:126EH         LINE#         104
  C:126EH         LINE#         107
  C:1275H         LINE#         108
  C:1279H         LINE#         110
  C:127FH         LINE#         111
  C:127FH         LINE#         112
  C:1284H         LINE#         113
  C:1284H         LINE#         114
  C:128BH         LINE#         115
  C:128BH         LINE#         116
  C:128EH         LINE#         117
  C:12A0H         LINE#         118
  C:12A0H         LINE#         119
  C:12A7H         LINE#         120
  C:12ADH         LINE#         121
BL51 BANKED LINKER/LOCATER V6.22.2.0                                                  12/30/2020  12:14:31  PAGE 45


  C:12B7H         LINE#         122
  C:12B9H         LINE#         123
  -------         ENDPROC       _BLE_WHITEN
  -------         PROC          _BLEPACKETENCODE
  X:014BH         SYMBOL        dstPacket
  X:014EH         SYMBOL        srcPacket
  X:0151H         SYMBOL        len
  X:0152H         SYMBOL        bleChannel
  -------         DO            
  X:0153H         SYMBOL        i
  -------         ENDDO         
  C:09A0H         LINE#         129
  C:09ABH         LINE#         130
  C:09ABH         LINE#         133
  C:09BBH         LINE#         134
  C:09BEH         LINE#         136
  C:09E1H         LINE#         139
  C:0A12H         LINE#         140
  C:0A21H         LINE#         141
  C:0A65H         LINE#         144
  C:0A6CH         LINE#         145
  C:0A7CH         LINE#         148
  C:0A8FH         LINE#         149
  C:0ABFH         LINE#         151
  C:0AC1H         LINE#         152
  -------         ENDPROC       _BLEPACKETENCODE
  -------         PROC          _BLEPACKETDEDUCTIVE
  X:014CH         SYMBOL        dstPacket
  X:014FH         SYMBOL        srcPacket
  X:0152H         SYMBOL        len
  X:0153H         SYMBOL        bleChannel
  -------         DO            
  D:0004H         SYMBOL        i
  -------         ENDDO         
  C:1080H         LINE#         154
  C:108BH         LINE#         157
  C:109BH         LINE#         158
  C:109EH         LINE#         159
  C:10C1H         LINE#         161
  C:10CDH         LINE#         162
  C:10F4H         LINE#         164
  C:1104H         LINE#         166
  C:1106H         LINE#         167
  -------         ENDPROC       _BLEPACKETDEDUCTIVE
  -------         PROC          RF_KMOD_1MHZ_CALIBRATION
  -------         DO            
  D:0007H         SYMBOL        t
  X:014DH         SYMBOL        b
  X:0151H         SYMBOL        a
  -------         ENDDO         
  C:055CH         LINE#         169
  C:055CH         LINE#         170
  C:055CH         LINE#         177
  C:055FH         LINE#         180
  C:0566H         LINE#         184
  C:056BH         LINE#         185
  C:0570H         LINE#         189
BL51 BANKED LINKER/LOCATER V6.22.2.0                                                  12/30/2020  12:14:31  PAGE 46


  C:0572H         LINE#         192
  C:0577H         LINE#         195
  C:0595H         LINE#         198
  C:059CH         LINE#         201
  C:05ABH         LINE#         203
  C:05B2H         LINE#         204
  C:05C1H         LINE#         207
  C:05C6H         LINE#         208
  C:05CBH         LINE#         211
  C:05D2H         LINE#         213
  C:05D9H         LINE#         215
  C:05E0H         LINE#         217
  C:05E7H         LINE#         220
  C:05F4H         LINE#         221
  C:0608H         LINE#         230
  C:0612H         LINE#         233
  C:063CH         LINE#         236
  C:0660H         LINE#         239
  C:0667H         LINE#         240
  C:068BH         LINE#         241
  C:069EH         LINE#         243
  C:06ABH         LINE#         244
  C:06B8H         LINE#         248
  C:06D6H         LINE#         251
  C:06DDH         LINE#         252
  C:06E4H         LINE#         253
  C:06EBH         LINE#         256
  -------         ENDPROC       RF_KMOD_1MHZ_CALIBRATION
  -------         PROC          SYS_SET_1MHZ_RATE
  -------         DO            
  X:014CH         SYMBOL        i
  -------         ENDDO         
  C:036BH         LINE#         259
  C:036BH         LINE#         260
  C:036BH         LINE#         263
  C:0370H         LINE#         264
  C:039FH         LINE#         269
  C:03B8H         LINE#         274
  C:03BFH         LINE#         277
  C:03C6H         LINE#         278
  C:03CDH         LINE#         281
  C:03E0H         LINE#         282
  C:03F3H         LINE#         283
  C:0406H         LINE#         285
  C:0425H         LINE#         286
  C:0428H         LINE#         288
  C:042DH         LINE#         289
  C:045CH         LINE#         291
  C:0462H         LINE#         292
  C:0465H         LINE#         293
  C:0468H         LINE#         294
  C:046BH         LINE#         295
  C:046EH         LINE#         296
  C:047CH         LINE#         297
  C:048AH         LINE#         299
  C:048DH         LINE#         300
  C:0493H         LINE#         301
BL51 BANKED LINKER/LOCATER V6.22.2.0                                                  12/30/2020  12:14:31  PAGE 47


  C:0499H         LINE#         304
  C:04A2H         LINE#         305
  C:04ABH         LINE#         306
  C:04B4H         LINE#         307
  C:04BDH         LINE#         310
  C:04C3H         LINE#         311
  C:04C9H         LINE#         312
  C:04CFH         LINE#         313
  C:04D5H         LINE#         315
  C:04E8H         LINE#         316
  C:04FBH         LINE#         318
  C:04FEH         LINE#         319
  C:0507H         LINE#         320
  C:0510H         LINE#         323
  C:052EH         LINE#         326
  C:0535H         LINE#         327
  C:053CH         LINE#         328
  C:0543H         LINE#         329
  -------         ENDPROC       SYS_SET_1MHZ_RATE
  -------         ENDMOD        BLE_BOARDCAST

  -------         MODULE        ?C?COPY
  C:012EH         PUBLIC        ?C?COPY
  -------         ENDMOD        ?C?COPY

  -------         MODULE        ?C?CLDPTR
  C:0154H         PUBLIC        ?C?CLDPTR
  -------         ENDMOD        ?C?CLDPTR

  -------         MODULE        ?C?CLDOPTR
  C:016DH         PUBLIC        ?C?CLDOPTR
  -------         ENDMOD        ?C?CLDOPTR

  -------         MODULE        ?C?CSTPTR
  C:019AH         PUBLIC        ?C?CSTPTR
  -------         ENDMOD        ?C?CSTPTR

  -------         MODULE        ?C?CSTOPTR
  C:01ACH         PUBLIC        ?C?CSTOPTR
  -------         ENDMOD        ?C?CSTOPTR

  -------         MODULE        ?C?IILDX
  C:01CEH         PUBLIC        ?C?IILDX
  -------         ENDMOD        ?C?IILDX

  -------         MODULE        ?C?ILDIX
  C:01E4H         PUBLIC        ?C?ILDIX
  -------         ENDMOD        ?C?ILDIX

  -------         MODULE        ?C?ULDIV
  C:0236H         PUBLIC        ?C?ULDIV
  -------         ENDMOD        ?C?ULDIV

  -------         MODULE        ?C?SLDIV
  C:14DCH         PUBLIC        ?C?SLDIV
  -------         ENDMOD        ?C?SLDIV

BL51 BANKED LINKER/LOCATER V6.22.2.0                                                  12/30/2020  12:14:31  PAGE 48


  -------         MODULE        ?C?ULCMP
  C:02C8H         PUBLIC        ?C?ULCMP
  -------         ENDMOD        ?C?ULCMP

  -------         MODULE        ?C?ULSHR
  C:02D9H         PUBLIC        ?C?ULSHR
  -------         ENDMOD        ?C?ULSHR

  -------         MODULE        ?C?LLDCODE
  C:02ECH         PUBLIC        ?C?LLDCODE
  -------         ENDMOD        ?C?LLDCODE

  -------         MODULE        ?C?LSTXDATA
  C:02FCH         PUBLIC        ?C?LSTXDATA
  -------         ENDMOD        ?C?LSTXDATA

  -------         MODULE        ?C?LSTKXDATA
  C:0308H         PUBLIC        ?C?LSTKXDATA
  -------         ENDMOD        ?C?LSTKXDATA

  -------         MODULE        ?C?ICALL
  C:0339H         PUBLIC        ?C?ICALL
  C:033DH         PUBLIC        ?C?ICALL2
  -------         ENDMOD        ?C?ICALL

  -------         MODULE        STRLEN
  C:18DDH         PUBLIC        _STRLEN
  -------         ENDMOD        STRLEN

  -------         MODULE        ?C?MEMSET
  C:033FH         PUBLIC        ?C?MEMSET
  -------         ENDMOD        ?C?MEMSET



INTER-MODULE CROSS-REFERENCE LISTING
------------------------------------


NAME . . . . . . . . . . . USAGE    MODULE NAMES
------------------------------------------------

?C?CLDOPTR . . . . . . . . CODE;    ?C?CLDOPTR  BLE_BOARDCAST  DRIVER_RF  
?C?CLDPTR. . . . . . . . . CODE;    ?C?CLDPTR  BLE_BOARDCAST  DRIVER_UART  STRLEN  
?C?COPY. . . . . . . . . . CODE;    ?C?COPY  BLE_BOARDCAST  MAIN  
?C?CSTOPTR . . . . . . . . CODE;    ?C?CSTOPTR  BLE_BOARDCAST  
?C?CSTPTR. . . . . . . . . CODE;    ?C?CSTPTR  BLE_BOARDCAST  
?C?ICALL . . . . . . . . . CODE;    ?C?ICALL  MAIN  
?C?ICALL2. . . . . . . . . CODE;    ?C?ICALL  
?C?IILDX . . . . . . . . . CODE;    ?C?IILDX  BLE_BOARDCAST  
?C?ILDIX . . . . . . . . . CODE;    ?C?ILDIX  BLE_BOARDCAST  DRIVER_UART  
?C?LLDCODE . . . . . . . . CODE;    ?C?LLDCODE  BLE_BOARDCAST  
?C?LSTKXDATA . . . . . . . CODE;    ?C?LSTKXDATA  BLE_BOARDCAST  
?C?LSTXDATA. . . . . . . . CODE;    ?C?LSTXDATA  BLE_BOARDCAST  COMMON  DRIVER_RF  
?C?MEMSET. . . . . . . . . CODE;    ?C?MEMSET  DRIVER_UART  
?C?SLDIV . . . . . . . . . CODE;    ?C?SLDIV  DRIVER_UART  
?C?ULCMP . . . . . . . . . CODE;    ?C?ULCMP  BLE_BOARDCAST  
BL51 BANKED LINKER/LOCATER V6.22.2.0                                                  12/30/2020  12:14:31  PAGE 49


?C?ULDIV . . . . . . . . . CODE;    ?C?ULDIV  ?C?SLDIV  BLE_BOARDCAST  
?C?ULSHR . . . . . . . . . CODE;    ?C?ULSHR  BLE_BOARDCAST  DRIVER_RF  
?C_INITSEGSTART. . . . . . CODE;    ** L51 GENERATED **  
?C_START . . . . . . . . . CODE;    ?C_INIT  ?C_STARTUP  
?C_STARTUP . . . . . . . . CODE;    ?C_STARTUP  MAIN  
?_BLEPACKETDEDUCTIVE?BYTE. XDATA;   BLE_BOARDCAST  MAIN  
?_BLEPACKETENCODE?BYTE . . XDATA;   BLE_BOARDCAST  MAIN  
?_BLE_CRC?BYTE . . . . . . XDATA;   BLE_BOARDCAST  
?_BLE_WHITEN?BYTE. . . . . XDATA;   BLE_BOARDCAST  
?_MEMCOPY?BYTE . . . . . . XDATA;   BLE_BOARDCAST  
?_WRITE_REG_ANA?BYTE . . . XDATA;   DRIVER_RF  BLE_BOARDCAST  
ADVPACKET_2. . . . . . . . XDATA;   MAIN  
ADV_FLAG . . . . . . . . . BIT;     PATCHES  MAIN  
ADV_FLAG_COUNT . . . . . . XDATA;   PATCHES  MAIN  
ANAREGS. . . . . . . . . . XDATA;   DRIVER_RF  
ANA_INIT_1MHZ_VAL. . . . . CODE;    BLE_BOARDCAST  
B2MSFLAG . . . . . . . . . BIT;     TIMER  
BLE_PACKETBUF. . . . . . . XDATA;   MAIN  
BLE_PACKETLEN. . . . . . . XDATA;   MAIN  
BLE_PACKET_ENCODE. . . . . CODE;    MAIN  
BPOWERDN . . . . . . . . . BIT;     PATCHES  MAIN  
B_CMDOK. . . . . . . . . . XDATA;   DRIVER_UART  TIMER  
CALC_CRC_VALUE . . . . . . CODE;    MAIN  
CFG_0C_VAL . . . . . . . . CODE;    BLE_BOARDCAST  
CFG_0D_VAL . . . . . . . . CODE;    BLE_BOARDCAST  
CLK_EN_CFG_TEMP. . . . . . DATA;    PATCHES  MAIN  
CLOSE_FUNCLED. . . . . . . CODE;    MAIN  
CLOSE_UART . . . . . . . . CODE;    DRIVER_UART  MAIN  
CREMOTEIDLETIME. . . . . . XDATA;   PATCHES  MAIN  
CURRENTGROUP_1 . . . . . . XDATA;   MAIN  
ET1_ISR. . . . . . . . . . CODE;    TIMER  
FEN_DUAN . . . . . . . . . XDATA;   MAIN  
FIFO_DATA. . . . . . . . . XDATA;   DRIVER_RF  
FUNCLED_INIT . . . . . . . CODE;    MAIN  
GET_MACADDR. . . . . . . . CODE;    MAIN  
GPIO_INIT. . . . . . . . . CODE;    MAIN  
G_PATCHPALT1 . . . . . . . XDATA;   PATCHES  DRIVER_UART  MAIN  
INITSYSTIMER . . . . . . . CODE;    TIMER  MAIN  
KEY24_DETECT_GPIO. . . . . CODE;    MAIN  
KEY24_TBL. . . . . . . . . CODE;    MAIN  
KEYCODE. . . . . . . . . . XDATA;   MAIN  
KEYCODE1 . . . . . . . . . XDATA;   MAIN  
KEYCOUNT . . . . . . . . . XDATA;   MAIN  TIMER  
KEYP2_SCAN_FUNC. . . . . . CODE;    MAIN  
KEY_SCAN . . . . . . . . . CODE;    MAIN  
KEY_TBL. . . . . . . . . . CODE;    MAIN  
LONGCOUNT_SCALE. . . . . . XDATA;   MAIN  
LONGKEY_COLOR. . . . . . . CODE;    MAIN  
LONGKEY_E. . . . . . . . . CODE;    MAIN  
LONGKEY_POWEROFF . . . . . CODE;    MAIN  
LONGKEY_POWERON. . . . . . CODE;    MAIN  
LONG_KEY_VALUE_TEMP. . . . XDATA;   MAIN  
LONG_KEY_VALUE_TEMPP . . . XDATA;   MAIN  
MAIN . . . . . . . . . . . CODE;    MAIN  ?C_INIT  
MCU_CLK_INITAL . . . . . . CODE;    MAIN  
MCU_IO_SLEEP . . . . . . . CODE;    MAIN  
N_CMDLEN . . . . . . . . . XDATA;   DRIVER_UART  TIMER  
BL51 BANKED LINKER/LOCATER V6.22.2.0                                                  12/30/2020  12:14:31  PAGE 50


OPEN_FUNCLED . . . . . . . CODE;    MAIN  
PAYLOAD_DEMO . . . . . . . XDATA;   MAIN  
POWERDOWN_RF . . . . . . . CODE;    DRIVER_RF  MAIN  
POWERUP_RF . . . . . . . . CODE;    DRIVER_RF  MAIN  
POWER_ON . . . . . . . . . BIT;     PATCHES  MAIN  
POWER_ON_INIT. . . . . . . CODE;    MAIN  
RAMP_TABLE_VAL . . . . . . CODE;    BLE_BOARDCAST  
RF_ENCODE_37 . . . . . . . BIT;     MAIN  
RF_ENCODE_38 . . . . . . . BIT;     MAIN  
RF_ENCODE_39 . . . . . . . BIT;     MAIN  
RF_ENCODE_STATE. . . . . . XDATA;   MAIN  
RF_ISR . . . . . . . . . . CODE;    DRIVER_RF  
RF_KMOD_1MHZ_CALIBRATION . CODE;    BLE_BOARDCAST  
RF_TXBUF_CH37. . . . . . . XDATA;   MAIN  
RF_TXBUF_CH38. . . . . . . XDATA;   MAIN  
RF_TXBUF_CH39. . . . . . . XDATA;   MAIN  
RF_TXFLAG. . . . . . . . . XDATA;   DRIVER_RF  MAIN  
RF_TXLEN_CH3789. . . . . . XDATA;   MAIN  
RGB_STATIC_DYNAMIC . . . . XDATA;   MAIN  
RX0_ADDRESS. . . . . . . . XDATA;   BLE_BOARDCAST  
RX1_ADDRESS. . . . . . . . XDATA;   BLE_BOARDCAST  
SEQUENCENUM_1. . . . . . . XDATA;   MAIN  
SEQUENCENUM_INC_1. . . . . XDATA;   MAIN  
SET_COMMON_COM_DATA. . . . CODE;    MAIN  
SET_COMMON_TX_DATA . . . . CODE;    MAIN  
SET_MACADDR. . . . . . . . CODE;    MAIN  
SHORTKEY_BLUE. . . . . . . CODE;    MAIN  
SHORTKEY_B_ADD . . . . . . CODE;    MAIN  
SHORTKEY_B_SUB . . . . . . CODE;    MAIN  
SHORTKEY_COLOR . . . . . . CODE;    MAIN  
SHORTKEY_E . . . . . . . . CODE;    MAIN  
SHORTKEY_GREEN . . . . . . CODE;    MAIN  
SHORTKEY_M1. . . . . . . . CODE;    MAIN  
SHORTKEY_M2. . . . . . . . CODE;    MAIN  
SHORTKEY_M3. . . . . . . . CODE;    MAIN  
SHORTKEY_M4. . . . . . . . CODE;    MAIN  
SHORTKEY_M5. . . . . . . . CODE;    MAIN  
SHORTKEY_M6. . . . . . . . CODE;    MAIN  
SHORTKEY_M7. . . . . . . . CODE;    MAIN  
SHORTKEY_M8. . . . . . . . CODE;    MAIN  
SHORTKEY_M9. . . . . . . . CODE;    MAIN  
SHORTKEY_POWEROFF. . . . . CODE;    MAIN  
SHORTKEY_POWERON . . . . . CODE;    MAIN  
SHORTKEY_RED . . . . . . . CODE;    MAIN  
SHORTKEY_SCALE . . . . . . CODE;    MAIN  
SHORTKEY_S_ADD . . . . . . CODE;    MAIN  
SHORTKEY_S_SUB . . . . . . CODE;    MAIN  
SHORTKEY_WHITE . . . . . . CODE;    MAIN  
SHORTKEY_YELLOW. . . . . . CODE;    MAIN  
SHORT_LONG_TOUCH_FLAG. . . XDATA;   MAIN  
SINGLE_RF_TEST . . . . . . XDATA;   MAIN  
SRCADDR_1. . . . . . . . . XDATA;   MAIN  
STATIC_SCENE_STATE . . . . XDATA;   MAIN  
SWITCHTOTXMODE . . . . . . CODE;    DRIVER_RF  BLE_BOARDCAST  
SWITCHTOTXMODE_WAIT1MS . . CODE;    DRIVER_RF  
SYS_POWERDOWN. . . . . . . CODE;    MAIN  
SYS_POWERON. . . . . . . . CODE;    MAIN  
BL51 BANKED LINKER/LOCATER V6.22.2.0                                                  12/30/2020  12:14:31  PAGE 51


SYS_SET_1MHZ_RATE. . . . . CODE;    BLE_BOARDCAST  MAIN  
SYS_SLEEPMODECHECK . . . . CODE;    MAIN  
S_CMD. . . . . . . . . . . XDATA;   DRIVER_UART  TIMER  
TIME1MS_CNT. . . . . . . . XDATA;   TIMER  
TIMER0_INT . . . . . . . . CODE;    TIMER  
TX_CMD_USE_BLE_MODE. . . . CODE;    MAIN  
TX_DATA_SETED. . . . . . . BIT;     MAIN  
U10MSFLAG. . . . . . . . . XDATA;   TIMER  MAIN  
U20MSFLAG. . . . . . . . . XDATA;   TIMER  MAIN  
U2MSFLAG . . . . . . . . . XDATA;   TIMER  MAIN  
UART_DATA_COUNT_SEND . . . XDATA;   PATCHES  DRIVER_UART  TIMER  
UART_DATA_LEN_SEND . . . . XDATA;   PATCHES  DRIVER_UART  TIMER  
UART_DATA_SEND . . . . . . XDATA;   PATCHES  DRIVER_UART  MAIN  TIMER  
UART_ISR . . . . . . . . . CODE;    TIMER  
UMCUTICK . . . . . . . . . DATA;    TIMER  
UMCUTICKE. . . . . . . . . DATA;    TIMER  
UMCUTIICK. . . . . . . . . DATA;    TIMER  
U_1MHZ_FM_GAIN_H_BUF . . . XDATA;   BLE_BOARDCAST  
U_1MHZ_FM_GAIN_L_BUF . . . XDATA;   BLE_BOARDCAST  
U_REMOTO_BATTER. . . . . . XDATA;   DRIVER_RF  
WIDLETIME. . . . . . . . . XDATA;   PATCHES  MAIN  
_BLEPACKETDEDUCTIVE. . . . CODE;    BLE_BOARDCAST  MAIN  
_BLEPACKETENCODE . . . . . CODE;    BLE_BOARDCAST  MAIN  
_BLE_CRC . . . . . . . . . CODE;    BLE_BOARDCAST  
_BLE_WHITEN. . . . . . . . CODE;    BLE_BOARDCAST  
_DELAY_MS. . . . . . . . . CODE;    COMMON  BLE_BOARDCAST  DRIVER_RF  MAIN  
_DRIVER_UART_SEND_START. . CODE;    DRIVER_UART  MAIN  
_KEY_SCAN_FUNC . . . . . . CODE;    MAIN  
_LOGINFO . . . . . . . . . CODE;    DRIVER_UART  MAIN  
_LOGVALUE. . . . . . . . . CODE;    DRIVER_UART  MAIN  
_LONGKEY_INDENTIFY . . . . CODE;    MAIN  
_MEMCOPY . . . . . . . . . CODE;    BLE_BOARDCAST  
_RF_TXNOACK. . . . . . . . CODE;    DRIVER_RF  MAIN  
_STRLEN. . . . . . . . . . CODE;    STRLEN  DRIVER_UART  
_SWAPBITS_8BIT . . . . . . CODE;    BLE_BOARDCAST  
_UARTCONFIG. . . . . . . . CODE;    DRIVER_UART  MAIN  
_UPDATE_STR. . . . . . . . CODE;    DRIVER_UART  
_WAITUS. . . . . . . . . . CODE;    COMMON  DRIVER_UART  MAIN  
_WRITE_REG_ANA . . . . . . CODE;    DRIVER_RF  BLE_BOARDCAST  
_W_TX_PAYLOAD_NOACK. . . . CODE;    DRIVER_RF  

*** WARNING L16: UNCALLED SEGMENT, IGNORED FOR OVERLAY PROCESS
    SEGMENT: ?PR?OPEN_FUNCLED?MAIN

*** WARNING L16: UNCALLED SEGMENT, IGNORED FOR OVERLAY PROCESS
    SEGMENT: ?PR?SET_COMMON_TX_DATA?MAIN

Program Size: data=14.0 xdata=367 code=6610
LINK/LOCATE RUN COMPLETE.  2 WARNING(S),  0 ERROR(S)
