C51 COMPILER V9.60.0.0   PATCHES                                                           12/28/2020 20:25:08 PAGE 1   


C51 COMPILER V9.60.0.0, COMPILATION OF MODULE PATCHES
OBJECT MODULE PLACED IN .\patches.obj
COMPILER INVOKED BY: C:\Keil_v5\C51\BIN\C51.EXE ..\src\patches.c LARGE OPTIMIZE(8,SPEED) BROWSE DEBUG OBJECTEXTEND PRINT
                    -(.\lst\patches.lst) TABS(2) OBJECT(.\patches.obj)

line level    source

   1          #include "patches.h"
   2          uint8 g_patchPALT1;
   3          bit adv_flag = 0;
   4          uint8  adv_flag_count = 0;
   5          bit bPowerDN = 0;
   6          bit power_on = 0;
   7          uint8 uart_data_len_send;
   8          uint8 uart_data_count_send;
   9          uint8 uart_data_send[UART_DATA_LEN];
  10          uint16 wIdleTime = 0;
  11          uint16 cRemoteIDLETime = 0;
  12          uint8 DATA CLK_EN_CFG_TEMP;


MODULE INFORMATION:   STATIC OVERLAYABLE
   CODE SIZE        =   ----    ----
   CONSTANT SIZE    =   ----    ----
   XDATA SIZE       =     24    ----
   PDATA SIZE       =   ----    ----
   DATA SIZE        =      1    ----
   IDATA SIZE       =   ----    ----
   BIT SIZE         =      3    ----
END OF MODULE INFORMATION.


C51 COMPILATION COMPLETE.  0 WARNING(S),  0 ERROR(S)
